Generate Time:       5.54779
Build Time:          4.34959
Graph has 4194302 nodes and 64155725 undirected edges for degree: 15
Trial Time:          0.68985
Trial Time:          0.68806
Trial Time:          0.68693
Trial Time:          0.68684
Trial Time:          0.68661
Trial Time:          0.68708
Trial Time:          0.68698
Trial Time:          0.68673
Trial Time:          0.68727
Trial Time:          0.68808
Trial Time:          0.68684
Trial Time:          0.68777
Trial Time:          0.68795
Trial Time:          0.68716
Trial Time:          0.68877
Trial Time:          0.68769
Trial Time:          0.68754
Trial Time:          0.68720
Trial Time:          0.68734
Trial Time:          0.68728
Trial Time:          0.68673
Trial Time:          0.68687
Trial Time:          0.68702
Trial Time:          0.68747
Trial Time:          0.68691
Trial Time:          0.68705
Trial Time:          0.68769
Trial Time:          0.68707
Trial Time:          0.68747
Trial Time:          0.68752
Trial Time:          0.68708
Trial Time:          0.68725
Trial Time:          0.68736
Trial Time:          0.68721
Trial Time:          0.68728
Trial Time:          0.68670
Trial Time:          0.68729
Trial Time:          0.68732
Trial Time:          0.68780
Trial Time:          0.68679
Trial Time:          0.68765
Trial Time:          0.68790
Trial Time:          0.68847
Trial Time:          0.68766
Trial Time:          0.68678
Trial Time:          0.68777
Trial Time:          0.68664
Trial Time:          0.68725
Trial Time:          0.68725
Trial Time:          0.68762
Trial Time:          0.68714
Trial Time:          0.68733
Trial Time:          0.68765
Trial Time:          0.68741
Trial Time:          0.68774
Trial Time:          0.68756
Trial Time:          0.68720
Trial Time:          0.68702
Trial Time:          0.68772
Trial Time:          0.68692
Trial Time:          0.68657
Trial Time:          0.68761
Trial Time:          0.68693
Trial Time:          0.68752
Trial Time:          0.68764
Trial Time:          0.68712
Trial Time:          0.68700
Trial Time:          0.68762
Trial Time:          0.68745
Trial Time:          0.68759
Trial Time:          0.68766
Trial Time:          0.68751
Trial Time:          0.68698
Trial Time:          0.68735
Trial Time:          0.68723
Trial Time:          0.68768
Trial Time:          0.68770
Trial Time:          0.68834
Trial Time:          0.68699
Trial Time:          0.68829
Trial Time:          0.68734
Trial Time:          0.68771
Trial Time:          0.68775
Trial Time:          0.68744
Trial Time:          0.68713
Trial Time:          0.68761
Trial Time:          0.68769
Trial Time:          0.68755
Trial Time:          0.68786
Trial Time:          0.68779
Trial Time:          0.68747
Trial Time:          0.68760
Trial Time:          0.68800
Trial Time:          0.68782
Trial Time:          0.68746
Trial Time:          0.68779
Trial Time:          0.68746
Trial Time:          0.68778
Trial Time:          0.68742
Trial Time:          0.68714
Trial Time:          0.68723
Trial Time:          0.68750
Trial Time:          0.68734
Trial Time:          0.68746
Trial Time:          0.68745
Trial Time:          0.68729
Trial Time:          0.68692
Trial Time:          0.68677
Trial Time:          0.68781
Trial Time:          0.68674
Trial Time:          0.68700
Trial Time:          0.68735
Trial Time:          0.68733
Trial Time:          0.68704
Trial Time:          0.68771
Trial Time:          0.68794
Trial Time:          0.68739
Trial Time:          0.68676
Trial Time:          0.68664
Trial Time:          0.68790
Trial Time:          0.68757
Trial Time:          0.68756
Trial Time:          0.68767
Trial Time:          0.68770
Trial Time:          0.68750
Trial Time:          0.68802
Trial Time:          0.68729
Trial Time:          0.68782
Trial Time:          0.68724
Trial Time:          0.68816
Trial Time:          0.68846
Trial Time:          0.68778
Trial Time:          0.68843
Trial Time:          0.68759
Trial Time:          0.68751
Trial Time:          0.68716
Trial Time:          0.68728
Trial Time:          0.68762
Trial Time:          0.68660
Trial Time:          0.68718
Trial Time:          0.68755
Trial Time:          0.68844
Trial Time:          0.68780
Trial Time:          0.68733
Trial Time:          0.68776
Trial Time:          0.68703
Trial Time:          0.68740
Trial Time:          0.68697
Trial Time:          0.68761
Trial Time:          0.68708
Trial Time:          0.68711
Trial Time:          0.68760
Trial Time:          0.68720
Trial Time:          0.68775
Trial Time:          0.68730
Trial Time:          0.68776
Trial Time:          0.68776
Trial Time:          0.68660
Trial Time:          0.68681
Trial Time:          0.68711
Trial Time:          0.68687
Trial Time:          0.68761
Trial Time:          0.68722
Trial Time:          0.68842
Trial Time:          0.68761
Trial Time:          0.68763
Trial Time:          0.68751
Trial Time:          0.68742
Trial Time:          0.68810
Trial Time:          0.68757
Trial Time:          0.68767
Trial Time:          0.68723
Trial Time:          0.68803
Trial Time:          0.68677
Trial Time:          0.68726
Trial Time:          0.68805
Trial Time:          0.68804
Trial Time:          0.68784
Trial Time:          0.68768
Trial Time:          0.68650
Trial Time:          0.68758
Trial Time:          0.68703
Trial Time:          0.68786
Trial Time:          0.68759
Trial Time:          0.68685
Trial Time:          0.68845
Trial Time:          0.68810
Trial Time:          0.68719
Trial Time:          0.68793
Trial Time:          0.68739
Trial Time:          0.68762
Trial Time:          0.68723
Trial Time:          0.68760
Trial Time:          0.68725
Trial Time:          0.68768
Trial Time:          0.68773
Trial Time:          0.68718
Trial Time:          0.68771
Trial Time:          0.68749
Trial Time:          0.68705
Trial Time:          0.68801
Trial Time:          0.68800
Trial Time:          0.68797
Trial Time:          0.68813
Trial Time:          0.68801
Trial Time:          0.68699
Trial Time:          0.68728
Trial Time:          0.68828
Trial Time:          0.68700
Trial Time:          0.68772
Trial Time:          0.68803
Trial Time:          0.68766
Trial Time:          0.68765
Trial Time:          0.68806
Trial Time:          0.68709
Trial Time:          0.68760
Trial Time:          0.68790
Trial Time:          0.68766
Trial Time:          0.68726
Trial Time:          0.68781
Trial Time:          0.68786
Trial Time:          0.68830
Trial Time:          0.68773
Trial Time:          0.68712
Trial Time:          0.68798
Trial Time:          0.68788
Trial Time:          0.68706
Trial Time:          0.68717
Trial Time:          0.68802
Trial Time:          0.68729
Trial Time:          0.68717
Trial Time:          0.68760
Trial Time:          0.68742
Trial Time:          0.68788
Trial Time:          0.68774
Trial Time:          0.68694
Trial Time:          0.68782
Trial Time:          0.68782
Trial Time:          0.68819
Trial Time:          0.68799
Trial Time:          0.68777
Trial Time:          0.68750
Trial Time:          0.68819
Trial Time:          0.68681
Trial Time:          0.68753
Trial Time:          0.68737
Trial Time:          0.68710
Trial Time:          0.68763
Trial Time:          0.68825
Trial Time:          0.68735
Trial Time:          0.68749
Trial Time:          0.68753
Trial Time:          0.68795
Trial Time:          0.68726
Trial Time:          0.68668
Trial Time:          0.68764
Trial Time:          0.68775
Trial Time:          0.68735
Trial Time:          0.68749
Trial Time:          0.68840
Trial Time:          0.68800
Trial Time:          0.68770
Trial Time:          0.68698
Trial Time:          0.68768
Trial Time:          0.68746
Trial Time:          0.68669
Trial Time:          0.68775
Trial Time:          0.68830
Trial Time:          0.68810
Trial Time:          0.68665
Trial Time:          0.68718
Trial Time:          0.68761
Trial Time:          0.68736
Trial Time:          0.68693
Trial Time:          0.68703
Trial Time:          0.68721
Trial Time:          0.68704
Trial Time:          0.68804
Trial Time:          0.68712
Trial Time:          0.68677
Trial Time:          0.68713
Trial Time:          0.68727
Trial Time:          0.68697
Trial Time:          0.68717
Trial Time:          0.68843
Trial Time:          0.68732
Trial Time:          0.68712
Trial Time:          0.68793
Trial Time:          0.68730
Trial Time:          0.68731
Trial Time:          0.68700
Trial Time:          0.68661
Trial Time:          0.68762
Trial Time:          0.68741
Trial Time:          0.68793
Trial Time:          0.68742
Trial Time:          0.68753
Trial Time:          0.68714
Trial Time:          0.68745
Trial Time:          0.68650
Trial Time:          0.68721
Trial Time:          0.68770
Trial Time:          0.68730
Trial Time:          0.68770
Trial Time:          0.68748
Trial Time:          0.68769
Trial Time:          0.68784
Trial Time:          0.68689
Trial Time:          0.68774
Trial Time:          0.68706
Trial Time:          0.68812
Trial Time:          0.68747
Trial Time:          0.68759
Trial Time:          0.68694
Trial Time:          0.68760
Trial Time:          0.68789
Trial Time:          0.68711
Trial Time:          0.68779
Trial Time:          0.68782
Trial Time:          0.68829
Trial Time:          0.68819
Trial Time:          0.68700
Trial Time:          0.68645
Trial Time:          0.68833
Trial Time:          0.68785
Trial Time:          0.68712
Trial Time:          0.68660
Trial Time:          0.68719
Trial Time:          0.68758
Trial Time:          0.68673
Trial Time:          0.68721
Trial Time:          0.68663
Trial Time:          0.68724
Trial Time:          0.68723
Trial Time:          0.68720
Trial Time:          0.68774
Trial Time:          0.68806
Trial Time:          0.68780
Trial Time:          0.68722
Trial Time:          0.68812
Trial Time:          0.68730
Trial Time:          0.68834
Trial Time:          0.68702
Trial Time:          0.68801
Trial Time:          0.68702
Trial Time:          0.68741
Trial Time:          0.68701
Trial Time:          0.68704
Trial Time:          0.68791
Trial Time:          0.68701
Trial Time:          0.68763
Trial Time:          0.68694
Trial Time:          0.68726
Trial Time:          0.68761
Trial Time:          0.68730
Trial Time:          0.68804
Trial Time:          0.68809
Trial Time:          0.68721
Trial Time:          0.68767
Trial Time:          0.68802
Trial Time:          0.68716
Trial Time:          0.68751
Trial Time:          0.68819
Trial Time:          0.68735
Trial Time:          0.68797
Trial Time:          0.68714
Trial Time:          0.68815
Trial Time:          0.68729
Trial Time:          0.68777
Trial Time:          0.68707
Trial Time:          0.68796
Trial Time:          0.68791
Trial Time:          0.68783
Trial Time:          0.68782
Trial Time:          0.68658
Trial Time:          0.68739
Trial Time:          0.68736
Trial Time:          0.68764
Trial Time:          0.68821
Trial Time:          0.68725
Trial Time:          0.68762
Trial Time:          0.68812
Trial Time:          0.68759
Trial Time:          0.68757
Trial Time:          0.68744
Trial Time:          0.68744
Trial Time:          0.68762
Trial Time:          0.68798
Trial Time:          0.68788
Trial Time:          0.68731
Trial Time:          0.68726
Trial Time:          0.68574
Trial Time:          0.68485
Trial Time:          0.68481
Trial Time:          0.68440
Trial Time:          0.68475
Trial Time:          0.68372
Trial Time:          0.68462
Trial Time:          0.68434
Trial Time:          0.68436
Trial Time:          0.68408
Trial Time:          0.68338
Trial Time:          0.68439
Trial Time:          0.68434
Trial Time:          0.68402
Trial Time:          0.68388
Trial Time:          0.68403
Trial Time:          0.68432
Trial Time:          0.68404
Trial Time:          0.68392
Trial Time:          0.68342
Trial Time:          0.68395
Trial Time:          0.68415
Trial Time:          0.68463
Trial Time:          0.68435
Trial Time:          0.68404
Trial Time:          0.68365
Trial Time:          0.68400
Trial Time:          0.68426
Trial Time:          0.68424
Trial Time:          0.68392
Trial Time:          0.68401
Trial Time:          0.68380
Trial Time:          0.68452
Trial Time:          0.68450
Trial Time:          0.68443
Trial Time:          0.68389
Trial Time:          0.68399
Trial Time:          0.68419
Trial Time:          0.68455
Trial Time:          0.68472
Trial Time:          0.68425
Trial Time:          0.68373
Trial Time:          0.68411
Trial Time:          0.68394
Trial Time:          0.68437
Trial Time:          0.68386
Trial Time:          0.68415
Trial Time:          0.68418
Trial Time:          0.68368
Trial Time:          0.68417
Trial Time:          0.68419
Trial Time:          0.68414
Trial Time:          0.68424
Trial Time:          0.68451
Trial Time:          0.68359
Trial Time:          0.68356
Trial Time:          0.68455
Trial Time:          0.68399
Trial Time:          0.68399
Trial Time:          0.68419
Trial Time:          0.68376
Trial Time:          0.68444
Trial Time:          0.68441
Trial Time:          0.68402
Trial Time:          0.68404
Trial Time:          0.68462
Trial Time:          0.68444
Trial Time:          0.68418
Trial Time:          0.68379
Trial Time:          0.68416
Trial Time:          0.68357
Trial Time:          0.68426
Trial Time:          0.68389
Trial Time:          0.68414
Trial Time:          0.68404
Trial Time:          0.68415
Trial Time:          0.68411
Trial Time:          0.68403
Trial Time:          0.68396
Trial Time:          0.68391
Trial Time:          0.68427
Trial Time:          0.68357
Trial Time:          0.68442
Trial Time:          0.68413
Trial Time:          0.68401
Trial Time:          0.68435
Trial Time:          0.68453
Trial Time:          0.68446
Trial Time:          0.68440
Trial Time:          0.68359
Trial Time:          0.68334
Trial Time:          0.68331
Trial Time:          0.68356
Trial Time:          0.68358
Trial Time:          0.68371
Trial Time:          0.68406
Trial Time:          0.68380
Trial Time:          0.68347
Trial Time:          0.68450
Trial Time:          0.68314
Trial Time:          0.68330
Trial Time:          0.68364
Trial Time:          0.68438
Trial Time:          0.68484
Trial Time:          0.68400
Trial Time:          0.68374
Trial Time:          0.68334
Trial Time:          0.68324
Trial Time:          0.68350
Trial Time:          0.68309
Trial Time:          0.68346
Trial Time:          0.68318
Trial Time:          0.68444
Trial Time:          0.68343
Trial Time:          0.68334
Trial Time:          0.68362
Trial Time:          0.68320
Trial Time:          0.68465
Trial Time:          0.68322
Trial Time:          0.68332
Trial Time:          0.68340
Trial Time:          0.68351
Trial Time:          0.68334
Trial Time:          0.68298
Trial Time:          0.68351
Trial Time:          0.68372
Trial Time:          0.68408
Trial Time:          0.68435
Trial Time:          0.68387
Trial Time:          0.68397
Trial Time:          0.68354
Trial Time:          0.68361
Trial Time:          0.68357
Trial Time:          0.68409
Trial Time:          0.68496
Trial Time:          0.68394
Trial Time:          0.68382
Trial Time:          0.68405
Trial Time:          0.68372
Trial Time:          0.68430
Trial Time:          0.68440
Trial Time:          0.68420
Trial Time:          0.68325
Trial Time:          0.68323
Trial Time:          0.68311
Trial Time:          0.68312
Trial Time:          0.68342
Trial Time:          0.68306
Trial Time:          0.68309
Trial Time:          0.68398
Trial Time:          0.68357
Trial Time:          0.68340
Trial Time:          0.68419
Trial Time:          0.68386
Trial Time:          0.68347
Trial Time:          0.68414
Trial Time:          0.68480
Trial Time:          0.68370
Trial Time:          0.68384
Trial Time:          0.68369
Trial Time:          0.68389
Trial Time:          0.68357
Trial Time:          0.68368
Trial Time:          0.68299
Trial Time:          0.68434
Trial Time:          0.68419
Trial Time:          0.68366
Trial Time:          0.68407
Trial Time:          0.68382
Trial Time:          0.68403
Trial Time:          0.68377
Trial Time:          0.68378
Trial Time:          0.68316
Trial Time:          0.68344
Trial Time:          0.68325
Trial Time:          0.68341
Trial Time:          0.68358
Trial Time:          0.68327
Trial Time:          0.68314
Trial Time:          0.68298
Trial Time:          0.68286
Trial Time:          0.68280
Trial Time:          0.68431
Trial Time:          0.68424
Trial Time:          0.68375
Trial Time:          0.68349
Trial Time:          0.68442
Trial Time:          0.68434
Trial Time:          0.68391
Trial Time:          0.68349
Trial Time:          0.68370
Trial Time:          0.68394
Trial Time:          0.68399
Trial Time:          0.68347
Trial Time:          0.68403
Trial Time:          0.68325
Trial Time:          0.68316
Trial Time:          0.68375
Trial Time:          0.68329
Trial Time:          0.68276
Trial Time:          0.68374
Trial Time:          0.68403
Trial Time:          0.68426
Trial Time:          0.68385
Trial Time:          0.68321
Trial Time:          0.68380
Trial Time:          0.68316
Trial Time:          0.68322
Trial Time:          0.68376
Trial Time:          0.68361
Trial Time:          0.68425
Trial Time:          0.68396
Trial Time:          0.68327
Trial Time:          0.68263
Trial Time:          0.68425
Trial Time:          0.68348
Trial Time:          0.68298
Trial Time:          0.68379
Trial Time:          0.68350
Trial Time:          0.68377
Trial Time:          0.68374
Trial Time:          0.68395
Trial Time:          0.68421
Trial Time:          0.68391
Trial Time:          0.68344
Trial Time:          0.68468
Trial Time:          0.68443
Trial Time:          0.68412
Trial Time:          0.68336
Trial Time:          0.68382
Trial Time:          0.68297
Trial Time:          0.68382
Trial Time:          0.68369
Trial Time:          0.68426
Trial Time:          0.68368
Trial Time:          0.68448
Trial Time:          0.68396
Trial Time:          0.68307
Trial Time:          0.68410
Trial Time:          0.68340
Trial Time:          0.68346
Trial Time:          0.68329
Trial Time:          0.68408
Trial Time:          0.68375
Trial Time:          0.68328
Trial Time:          0.68363
Trial Time:          0.68371
Trial Time:          0.68379
Trial Time:          0.68330
Trial Time:          0.68393
Trial Time:          0.68318
Trial Time:          0.68277
Trial Time:          0.68328
Trial Time:          0.68365
Trial Time:          0.68345
Trial Time:          0.68257
Trial Time:          0.68388
Trial Time:          0.68311
Trial Time:          0.68322
Trial Time:          0.68363
Trial Time:          0.68387
Trial Time:          0.68321
Trial Time:          0.68321
Trial Time:          0.68323
Trial Time:          0.68340
Trial Time:          0.68344
Trial Time:          0.68335
Trial Time:          0.68317
Trial Time:          0.68347
Trial Time:          0.68732
Trial Time:          0.69062
Trial Time:          0.69056
Trial Time:          0.69183
Trial Time:          0.69092
Trial Time:          0.69036
Trial Time:          0.69053
Trial Time:          0.69015
Trial Time:          0.69058
Trial Time:          0.69024
Trial Time:          0.69037
Trial Time:          0.69111
Trial Time:          0.69065
Trial Time:          0.69077
Trial Time:          0.69025
Trial Time:          0.69122
Trial Time:          0.69107
Trial Time:          0.69051
Trial Time:          0.69161
Trial Time:          0.69094
Trial Time:          0.69013
Trial Time:          0.69116
Trial Time:          0.69057
Trial Time:          0.69069
Trial Time:          0.69074
Trial Time:          0.69133
Trial Time:          0.69135
Trial Time:          0.69049
Trial Time:          0.69133
Trial Time:          0.69079
Trial Time:          0.68992
Trial Time:          0.69095
Trial Time:          0.69047
Trial Time:          0.69051
Trial Time:          0.69022
Trial Time:          0.69083
Trial Time:          0.69034
Trial Time:          0.68983
Trial Time:          0.69075
Trial Time:          0.69027
Trial Time:          0.69050
Trial Time:          0.69079
Trial Time:          0.69066
Trial Time:          0.69026
Trial Time:          0.69031
Trial Time:          0.69048
Trial Time:          0.69065
Trial Time:          0.69148
Trial Time:          0.69142
Trial Time:          0.69131
Trial Time:          0.69129
Trial Time:          0.69079
Trial Time:          0.69130
Trial Time:          0.69115
Trial Time:          0.69080
Trial Time:          0.69098
Trial Time:          0.69144
Trial Time:          0.69041
Trial Time:          0.69100
Trial Time:          0.69107
Trial Time:          0.69072
Trial Time:          0.69039
Trial Time:          0.69017
Trial Time:          0.69076
Trial Time:          0.69088
Trial Time:          0.69143
Trial Time:          0.69109
Trial Time:          0.69109
Trial Time:          0.69061
Trial Time:          0.69115
Trial Time:          0.69096
Trial Time:          0.69084
Trial Time:          0.69039
Trial Time:          0.69106
Trial Time:          0.69087
Trial Time:          0.69049
Trial Time:          0.69115
Trial Time:          0.69053
Trial Time:          0.69021
Trial Time:          0.69147
Trial Time:          0.69057
Trial Time:          0.69103
Trial Time:          0.69076
Trial Time:          0.69026
Trial Time:          0.69038
Trial Time:          0.68994
Trial Time:          0.69101
Trial Time:          0.69178
Trial Time:          0.69094
Trial Time:          0.68514
Trial Time:          0.69919
Trial Time:          0.71952
Trial Time:          0.71971
Trial Time:          0.72181
Trial Time:          0.71806
Trial Time:          0.71856
Trial Time:          0.71873
Trial Time:          0.71959
Trial Time:          0.71898
Trial Time:          0.72087
Trial Time:          0.72210
Trial Time:          0.72106
Trial Time:          0.72213
Trial Time:          0.71877
Trial Time:          0.72058
Trial Time:          0.72230
Trial Time:          0.72202
Trial Time:          0.72282
Trial Time:          0.72109
Trial Time:          0.72160
Trial Time:          0.72304
Trial Time:          0.72188
Trial Time:          0.72443
Trial Time:          0.72402
Trial Time:          0.72403
Trial Time:          0.72384
Trial Time:          0.72227
Trial Time:          0.72073
Trial Time:          0.71947
Trial Time:          0.72074
Trial Time:          0.71939
Trial Time:          0.71829
Trial Time:          0.72149
Trial Time:          0.72120
Trial Time:          0.72046
Trial Time:          0.72134
Trial Time:          0.71899
Trial Time:          0.72171
Trial Time:          0.72254
Trial Time:          0.72295
Trial Time:          0.72203
Trial Time:          0.72391
Trial Time:          0.71929
Trial Time:          0.71981
Trial Time:          0.71940
Trial Time:          0.71983
Trial Time:          0.72120
Trial Time:          0.72140
Trial Time:          0.72019
Trial Time:          0.72025
Trial Time:          0.72060
Trial Time:          0.71942
Trial Time:          0.71867
Trial Time:          0.72087
Trial Time:          0.71966
Trial Time:          0.72089
Trial Time:          0.72094
Trial Time:          0.72352
Trial Time:          0.72368
Trial Time:          0.72124
Trial Time:          0.72184
Trial Time:          0.71885
Trial Time:          0.71952
Trial Time:          0.72226
Trial Time:          0.72078
Trial Time:          0.72302
Trial Time:          0.72272
Trial Time:          0.71959
Trial Time:          0.71945
Trial Time:          0.72019
Trial Time:          0.72271
Trial Time:          0.72307
Trial Time:          0.72254
Trial Time:          0.72322
Trial Time:          0.72217
Trial Time:          0.72215
Trial Time:          0.72021
Trial Time:          0.72058
Trial Time:          0.71959
Trial Time:          0.72226
Trial Time:          0.72065
Trial Time:          0.72421
Trial Time:          0.72340
Trial Time:          0.72138
Trial Time:          0.72219
Trial Time:          0.72124
Trial Time:          0.72315
Trial Time:          0.72245
Trial Time:          0.72414
Trial Time:          0.72405
Trial Time:          0.72378
Trial Time:          0.72160
Trial Time:          0.72183
Trial Time:          0.72331
Trial Time:          0.72151
Trial Time:          0.72449
Trial Time:          0.72355
Trial Time:  