Generate Time:       5.53913
Build Time:          4.27507
Graph has 4194302 nodes and 64155725 undirected edges for degree: 15
Trial Time:          0.68947
Trial Time:          0.68609
Trial Time:          0.68616
Trial Time:          0.68714
Trial Time:          0.68717
Trial Time:          0.68762
Trial Time:          0.68684
Trial Time:          0.68763
Trial Time:          0.68738
Trial Time:          0.68679
Trial Time:          0.68816
Trial Time:          0.68775
Trial Time:          0.68747
Trial Time:          0.68760
Trial Time:          0.68771
Trial Time:          0.68776
Trial Time:          0.68720
Trial Time:          0.68707
Trial Time:          0.68771
Trial Time:          0.68692
Trial Time:          0.68709
Trial Time:          0.68686
Trial Time:          0.68765
Trial Time:          0.68690
Trial Time:          0.68791
Trial Time:          0.68784
Trial Time:          0.68726
Trial Time:          0.68714
Trial Time:          0.68704
Trial Time:          0.68735
Trial Time:          0.68697
Trial Time:          0.68689
Trial Time:          0.68694
Trial Time:          0.68738
Trial Time:          0.68706
Trial Time:          0.68752
Trial Time:          0.68694
Trial Time:          0.68791
Trial Time:          0.68718
Trial Time:          0.68810
Trial Time:          0.68795
Trial Time:          0.68824
Trial Time:          0.68763
Trial Time:          0.68742
Trial Time:          0.68752
Trial Time:          0.68729
Trial Time:          0.68788
Trial Time:          0.68719
Trial Time:          0.68677
Trial Time:          0.68727
Trial Time:          0.68725
Trial Time:          0.68739
Trial Time:          0.68707
Trial Time:          0.68740
Trial Time:          0.68752
Trial Time:          0.68716
Trial Time:          0.68715
Trial Time:          0.68735
Trial Time:          0.68736
Trial Time:          0.68723
Trial Time:          0.68750
Trial Time:          0.68781
Trial Time:          0.68798
Trial Time:          0.68826
Trial Time:          0.68754
Trial Time:          0.68680
Trial Time:          0.68702
Trial Time:          0.68700
Trial Time:          0.68754
Trial Time:          0.68788
Trial Time:          0.68732
Trial Time:          0.68707
Trial Time:          0.68710
Trial Time:          0.68743
Trial Time:          0.68811
Trial Time:          0.68751
Trial Time:          0.68823
Trial Time:          0.68741
Trial Time:          0.68768
Trial Time:          0.68762
Trial Time:          0.68787
Trial Time:          0.68818
Trial Time:          0.68789
Trial Time:          0.68787
Trial Time:          0.68763
Trial Time:          0.68758
Trial Time:          0.68790
Trial Time:          0.68784
Trial Time:          0.68780
Trial Time:          0.68707
Trial Time:          0.68807
Trial Time:          0.68826
Trial Time:          0.68822
Trial Time:          0.68801
Trial Time:          0.68762
Trial Time:          0.68753
Trial Time:          0.68781
Trial Time:          0.68775
Trial Time:          0.68750
Trial Time:          0.68804
Trial Time:          0.68757
Trial Time:          0.68726
Trial Time:          0.68730
Trial Time:          0.68787
Trial Time:          0.68718
Trial Time:          0.68736
Trial Time:          0.68720
Trial Time:          0.68729
Trial Time:          0.68701
Trial Time:          0.68786
Trial Time:          0.68755
Trial Time:          0.68727
Trial Time:          0.68777
Trial Time:          0.68799
Trial Time:          0.68770
Trial Time:          0.68759
Trial Time:          0.68761
Trial Time:          0.68738
Trial Time:          0.68795
Trial Time:          0.68794
Trial Time:          0.68825
Trial Time:          0.68748
Trial Time:          0.68790
Trial Time:          0.68757
Trial Time:          0.68806
Trial Time:          0.68731
Trial Time:          0.68773
Trial Time:          0.68824
Trial Time:          0.68867
Trial Time:          0.68772
Trial Time:          0.68777
Trial Time:          0.68812
Trial Time:          0.68754
Trial Time:          0.68805
Trial Time:          0.68743
Trial Time:          0.68678
Trial Time:          0.68696
Trial Time:          0.68721
Trial Time:          0.68773
Trial Time:          0.68770
Trial Time:          0.68808
Trial Time:          0.68830
Trial Time:          0.68752
Trial Time:          0.68740
Trial Time:          0.68729
Trial Time:          0.68773
Trial Time:          0.68721
Trial Time:          0.68751
Trial Time:          0.68708
Trial Time:          0.68728
Trial Time:          0.68741
Trial Time:          0.68754
Trial Time:          0.68769
Trial Time:          0.68766
Trial Time:          0.68839
Trial Time:          0.68794
Trial Time:          0.68768
Trial Time:          0.68741
Trial Time:          0.68749
Trial Time:          0.68724
Trial Time:          0.68759
Trial Time:          0.68754
Trial Time:          0.68741
Trial Time:          0.68769
Trial Time:          0.68718
Trial Time:          0.68745
Trial Time:          0.68768
Trial Time:          0.68796
Trial Time:          0.68737
Trial Time:          0.68798
Trial Time:          0.68766
Trial Time:          0.68758
Trial Time:          0.68713
Trial Time:          0.68736
Trial Time:          0.68719
Trial Time:          0.68815
Trial Time:          0.68814
Trial Time:          0.68717
Trial Time:          0.68769
Trial Time:          0.68751
Trial Time:          0.68783
Trial Time:          0.68817
Trial Time:          0.68750
Trial Time:          0.68752
Trial Time:          0.68837
Trial Time:          0.68796
Trial Time:          0.68736
Trial Time:          0.68717
Trial Time:          0.68740
Trial Time:          0.68739
Trial Time:          0.68741
Trial Time:          0.68774
Trial Time:          0.68786
Trial Time:          0.68779
Trial Time:          0.68730
Trial Time:          0.68721
Trial Time:          0.68765
Trial Time:          0.68777
Trial Time:          0.68807
Trial Time:          0.68718
Trial Time:          0.68836
Trial Time:          0.68810
Trial Time:          0.68838
Trial Time:          0.68753
Trial Time:          0.68721
Trial Time:          0.68730
Trial Time:          0.68741
Trial Time:          0.68778
Trial Time:          0.68838
Trial Time:          0.68750
Trial Time:          0.68741
Trial Time:          0.68801
Trial Time:          0.68811
Trial Time:          0.68786
Trial Time:          0.68790
Trial Time:          0.68811
Trial Time:          0.68817
Trial Time:          0.68754
Trial Time:          0.68783
Trial Time:          0.68874
Trial Time:          0.68775
Trial Time:          0.68783
Trial Time:          0.68698
Trial Time:          0.68758
Trial Time:          0.68781
Trial Time:          0.68720
Trial Time:          0.68729
Trial Time:          0.68812
Trial Time:          0.68789
Trial Time:          0.68739
Trial Time:          0.68751
Trial Time:          0.68780
Trial Time:          0.68788
Trial Time:          0.68744
Trial Time:          0.68728
Trial Time:          0.68801
Trial Time:          0.68775
Trial Time:          0.68767
Trial Time:          0.68785
Trial Time:          0.68734
Trial Time:          0.68746
Trial Time:          0.68728
Trial Time:          0.68747
Trial Time:          0.68740
Trial Time:          0.68771
Trial Time:          0.68785
Trial Time:          0.68780
Trial Time:          0.68738
Trial Time:          0.68749
Trial Time:          0.68792
Trial Time:          0.68815
Trial Time:          0.68827
Trial Time:          0.68758
Trial Time:          0.68823
Trial Time:          0.68767
Trial Time:          0.68762
Trial Time:          0.68809
Trial Time:          0.68801
Trial Time:          0.68792
Trial Time:          0.68809
Trial Time:          0.68785
Trial Time:          0.68720
Trial Time:          0.68761
Trial Time:          0.68751
Trial Time:          0.68748
Trial Time:          0.68770
Trial Time:          0.68787
Trial Time:          0.68835
Trial Time:          0.68764
Trial Time:          0.68774
Trial Time:          0.68805
Trial Time:          0.68808
Trial Time:          0.68761
Trial Time:          0.68748
Trial Time:          0.68776
Trial Time:          0.68747
Trial Time:          0.68758
Trial Time:          0.68713
Trial Time:          0.68734
Trial Time:          0.68751
Trial Time:          0.68811
Trial Time:          0.68770
Trial Time:          0.68783
Trial Time:          0.68851
Trial Time:          0.68833
Trial Time:          0.68783
Trial Time:          0.68812
Trial Time:          0.68773
Trial Time:          0.68714
Trial Time:          0.68723
Trial Time:          0.68756
Trial Time:          0.68772
Trial Time:          0.68793
Trial Time:          0.68786
Trial Time:          0.68807
Trial Time:          0.68772
Trial Time:          0.68747
Trial Time:          0.68812
Trial Time:          0.68770
Trial Time:          0.68761
Trial Time:          0.68826
Trial Time:          0.68813
Trial Time:          0.68841
Trial Time:          0.68769
Trial Time:          0.68783
Trial Time:          0.68731
Trial Time:          0.68843
Trial Time:          0.68732
Trial Time:          0.68769
Trial Time:          0.68866
Trial Time:          0.68788
Trial Time:          0.68702
Trial Time:          0.68751
Trial Time:          0.68766
Trial Time:          0.68770
Trial Time:          0.68796
Trial Time:          0.68790
Trial Time:          0.68819
Trial Time:          0.68753
Trial Time:          0.68782
Trial Time:          0.68746
Trial Time:          0.68812
Trial Time:          0.68780
Trial Time:          0.68780
Trial Time:          0.68787
Trial Time:          0.68740
Trial Time:          0.68735
Trial Time:          0.68780
Trial Time:          0.68771
Trial Time:          0.68793
Trial Time:          0.68765
Trial Time:          0.68794
Trial Time:          0.68777
Trial Time:          0.68796
Trial Time:          0.68804
Trial Time:          0.68792
Trial Time:          0.68813
Trial Time:          0.68819
Trial Time:          0.68804
Trial Time:          0.68823
Trial Time:          0.68756
Trial Time:          0.68767
Trial Time:          0.68772
Trial Time:          0.68721
Trial Time:          0.68736
Trial Time:          0.68719
Trial Time:          0.68800
Trial Time:          0.68708
Trial Time:          0.68798
Trial Time:          0.68739
Trial Time:          0.68787
Trial Time:          0.68732
Trial Time:          0.68812
Trial Time:          0.68823
Trial Time:          0.68839
Trial Time:          0.68783
Trial Time:          0.68750
Trial Time:          0.68791
Trial Time:          0.68747
Trial Time:          0.68759
Trial Time:          0.68773
Trial Time:          0.68779
Trial Time:          0.68756
Trial Time:          0.68772
Trial Time:          0.68774
Trial Time:          0.68807
Trial Time:          0.68763
Trial Time:          0.68804
Trial Time:          0.68834
Trial Time:          0.68819
Trial Time:          0.68811
Trial Time:          0.68828
Trial Time:          0.68790
Trial Time:          0.68789
Trial Time:          0.68799
Trial Time:          0.68759
Trial Time:          0.68812
Trial Time:          0.68806
Trial Time:          0.68775
Trial Time:          0.68787
Trial Time:          0.68836
Trial Time:          0.68752
Trial Time:          0.68755
Trial Time:          0.68763
Trial Time:          0.68781
Trial Time:          0.68795
Trial Time:          0.68793
Trial Time:          0.68831
Trial Time:          0.68819
Trial Time:          0.68854
Trial Time:          0.68838
Trial Time:          0.68795
Trial Time:          0.68737
Trial Time:          0.68783
Trial Time:          0.68781
Trial Time:          0.68831
Trial Time:          0.68759
Trial Time:          0.68802
Trial Time:          0.68803
Trial Time:          0.68792
Trial Time:          0.68840
Trial Time:          0.68804
Trial Time:          0.68871
Trial Time:          0.68852
Trial Time:          0.68715
Trial Time:          0.68790
Trial Time:          0.68802
Trial Time:          0.68754
Trial Time:          0.68798
Trial Time:          0.68779
Trial Time:          0.68816
Trial Time:          0.68827
Trial Time:          0.68829
Trial Time:          0.68767
Trial Time:          0.68798
Trial Time:          0.68747
Trial Time:          0.68781
Trial Time:          0.68780
Trial Time:          0.68743
Trial Time:          0.68800
Trial Time:          0.68780
Trial Time:          0.68805
Trial Time:          0.68861
Trial Time:          0.68794
Trial Time:          0.68813
Trial Time:          0.68769
Trial Time:          0.68749
Trial Time:          0.68820
Trial Time:          0.68734
Trial Time:          0.68810
Trial Time:          0.68737
Trial Time:          0.68763
Trial Time:          0.68810
Trial Time:          0.68774
Trial Time:          0.68767
Trial Time:          0.68870
Trial Time:          0.68773
Trial Time:          0.68742
Trial Time:          0.68806
Trial Time:          0.68872
Trial Time:          0.68762
Trial Time:          0.68904
Trial Time:          0.68799
Trial Time:          0.68783
Trial Time:          0.68740
Trial Time:          0.68752
Trial Time:          0.68741
Trial Time:          0.68803
Trial Time:          0.68803
Trial Time:          0.68786
Trial Time:          0.68749
Trial Time:          0.68803
Trial Time:          0.68752
Trial Time:          0.68815
Trial Time:          0.68835
Trial Time:          0.68805
Trial Time:          0.68797
Trial Time:          0.68730
Trial Time:          0.68783
Trial Time:          0.68758
Trial Time:          0.68806
Trial Time:          0.68745
Trial Time:          0.68714
Trial Time:          0.68787
Trial Time:          0.68748
Trial Time:          0.68822
Trial Time:          0.68782
Trial Time:          0.68736
Trial Time:          0.68785
Trial Time:          0.68802
Trial Time:          0.68769
Trial Time:          0.68724
Trial Time:          0.68810
Trial Time:          0.68746
Trial Time:          0.68749
Trial Time:          0.68855
Trial Time:          0.68782
Trial Time:          0.68853
Trial Time:          0.68791
Trial Time:          0.68697
Trial Time:          0.68807
Trial Time:          0.68761
Trial Time:          0.68740
Trial Time:          0.68774
Trial Time:          0.68770
Trial Time:          0.68771
Trial Time:          0.68823
Trial Time:          0.68852
Trial Time:          0.68814
Trial Time:          0.68744
Trial Time:          0.68790
Trial Time:          0.68813
Trial Time:          0.68823
Trial Time:          0.68774
Trial Time:          0.68730
Trial Time:          0.68721
Trial Time:          0.68738
Trial Time:          0.68769
Trial Time:          0.68767
Trial Time:          0.68741
Trial Time:          0.68731
Trial Time:          0.68766
Trial Time:          0.68789
Trial Time:          0.68760
Trial Time:          0.68789
Trial Time:          0.68842
Trial Time:          0.68810
Trial Time:          0.68778
Trial Time:          0.68771
Trial Time:          0.68751
Trial Time:          0.68705
Trial Time:          0.68770
Trial Time:          0.68712
Trial Time:          0.68746
Trial Time:          0.68778
Trial Time:          0.68789
Trial Time:          0.68878
Trial Time:          0.68848
Trial Time:          0.68830
Trial Time:          0.68793
Trial Time:          0.68824
Trial Time:          0.68721
Trial Time:          0.68828
Trial Time:          0.68796
Trial Time:          0.68870
Trial Time:          0.68836
Trial Time:          0.68759
Trial Time:          0.68823
Trial Time:          0.68885
Trial Time:          0.68812
Trial Time:          0.68855
Trial Time:          0.68763
Trial Time:          0.68777
Trial Time:          0.68741
Trial Time:          0.68818
Trial Time:          0.68738
Trial Time:          0.68784
Trial Time:          0.68790
Trial Time:          0.68768
Trial Time:          0.68798
Trial Time:          0.68775
Trial Time:          0.68825
Trial Time:          0.68740
Trial Time:          0.68753
Trial Time:          0.68790
Trial Time:          0.68838
Trial Time:          0.68808
Trial Time:          0.68768
Trial Time:          0.68755
Trial Time:          0.68809
Trial Time:          0.68835
Trial Time:          0.68777
Trial Time:          0.68762
Trial Time:          0.68740
Trial Time:          0.68765
Trial Time:          0.68781
Trial Time:          0.68761
Trial Time:          0.68748
Trial Time:          0.68796
Trial Time:          0.68796
Trial Time:          0.68732
Trial Time:          0.68691
Trial Time:          0.68732
Trial Time:          0.68745
Trial Time:          0.68744
Trial Time:          0.68668
Trial Time:          0.68766
Trial Time:          0.68776
Trial Time:          0.68756
Trial Time:          0.68754
Trial Time:          0.68770
Trial Time:          0.68794
Trial Time:          0.68807
Trial Time:          0.68744
Trial Time:          0.68762
Trial Time:          0.68826
Trial Time:          0.68781
Trial Time:          0.68782
Trial Time:          0.68787
Trial Time:          0.68776
Trial Time:          0.68797
Trial Time:          0.68788
Trial Time:          0.68819
Trial Time:          0.68808
Trial Time:          0.68798
Trial Time:          0.68827
Trial Time:          0.68741
Trial Time:          0.68755
Trial Time:          0.68801
Trial Time:          0.68829
Trial Time:          0.68837
Trial Time:          0.68789
Trial Time:          0.68729
Trial Time:          0.68797
Trial Time:          0.68833
Trial Time:          0.68688
Trial Time:          0.68734
Trial Time:          0.68714
Trial Time:          0.68732
Trial Time:          0.68751
Trial Time:          0.68722
Trial Time:          0.68734
Trial Time:          0.68813
Trial Time:          0.68747
Trial Time:          0.68710
Trial Time:          0.68784
Trial Time:          0.68752
Trial Time:          0.68747
Trial Time:          0.68790
Trial Time:          0.68797
Trial Time:          0.68785
Trial Time:          0.68779
Trial Time:          0.68756
Trial Time:          0.68752
Trial Time:          0.68768
Trial Time:          0.68865
Trial Time:          0.68817
Trial Time:          0.68784
Trial Time:          0.68760
Trial Time:          0.68768
Trial Time:          0.68764
Trial Time:          0.68768
Trial Time:          0.68777
Trial Time:          0.68775
Trial Time:          0.68765
Trial Time:          0.68748
Trial Time:          0.68818
Trial Time:          0.68752
Trial Time:          0.68729
Trial Time:          0.68827
Trial Time:          0.68790
Trial Time:          0.68757
Trial Time:          0.68725
Trial Time:          0.68774
Trial Time:          0.68782
Trial Time:          0.68809
Trial Time:          0.68771
Trial Time:          0.68796
Trial Time:          0.68830
Trial Time:          0.68708
Trial Time:          0.68775
Trial Time:          0.68748
Trial Time:          0.68730
Trial Time:          0.68752
Trial Time:          0.68738
Trial Time:          0.68737
Trial Time:          0.68746
Trial Time:          0.68723
Trial Time:          0.68762
Trial Time:          0.68709
Trial Time:          0.68793
Trial Time:          0.68736
Trial Time:          0.68740
Trial Time:          0.68808
Trial Time:          0.68777
Trial Time:          0.68757
Trial Time:          0.68795
Trial Time:          0.68763
Trial Time:          0.68818
Trial Time:          0.69473
Trial Time:          0.69498
Trial Time:          0.69524
Trial Time:          0.69524
Trial Time:          0.69493
Trial Time:          0.69504
Trial Time:          0.69505
Trial Time:          0.69485
Trial Time:          0.69461
Trial Time:          0.69510
Trial Time:          0.69487
Trial Time:          0.69464
Trial Time:          0.69422
Trial Time:          0.69485
Trial Time:          0.69497
Trial Time:          0.69502
Trial Time:          0.69454
Trial Time:          0.69491
Trial Time:          0.69477
Trial Time:          0.69482
Trial Time:          0.69461
Trial Time:          0.69471
Trial Time:          0.69541
Trial Time:          0.69541
Trial Time:          0.69496
Trial Time:          0.69462
Trial Time:          0.69482
Trial Time:          0.69494
Trial Time:          0.69466
Trial Time:          0.69468
Trial Time:          0.69420
Trial Time:          0.69510
Trial Time:          0.69446
Trial Time:          0.69475
Trial Time:          0.69492
Trial Time:          0.69456
Trial Time:          0.69471
Trial Time:          0.69450
Trial Time:          0.69483
Trial Time:          0.69503
Trial Time:          0.69421
Trial Time:          0.69469
Trial Time:          0.69558
Trial Time:          0.69519
Trial Time:          0.69494
Trial Time:          0.69550
Trial Time:          0.69560
Trial Time:          0.69536
Trial Time:          0.69520
Trial Time:          0.69496
Trial Time:          0.69484
Trial Time:          0.69517
Trial Time:          0.69522
Trial Time:          0.69507
Trial Time:          0.69496
Trial Time:          0.69483
Trial Time:          0.69512
Trial Time:          0.69494
Trial Time:          0.69489
Trial Time:          0.69425
Trial Time:          0.69422
Trial Time:          0.69452
Trial Time:          0.69487
Trial Time:          0.69566
Trial Time:          0.69511
Trial Time:          0.69535
Trial Time:          0.69504
Trial Time:          0.69524
Trial Time:          0.69484
Trial Time:          0.69445
Trial Time:          0.69449
Trial Time:          0.69517
Trial Time:          0.69535
Trial Time:          0.69494
Trial Time:          0.69432
Trial Time:          0.69460
Trial Time:          0.69492
Trial Time:          0.69521
Trial Time:          0.69508
Trial Time:          0.69473
Trial Time:          0.69467
Trial Time:          0.69420
Trial Time:          0.69456
Trial Time:          0.69493
Trial Time:          0.69502
Trial Time:          0.69496
Trial Time:          0.69436
Trial Time:          0.69539
Trial Time:          0.68825
Trial Time:          0.70581
Trial Time:          0.72450
Trial Time:          0.72259
Trial Time:          0.72173
Trial Time:          0.72200
Trial Time:          0.72255
Trial Time:          0.72248
Trial Time:          0.72308
Trial Time:          0.72515
Trial Time:          0.72362
Trial Time:          0.72464
Trial Time:          0.72350
Trial Time:          0.72342
Trial Time:          0.72473
Trial Time:          0.72595
Trial Time:          0.72481
Trial Time:          0.72453
Trial Time:          0.72400
Trial Time:          0.72585
Trial Time:          0.72594
Trial Time:          0.72632
Trial Time:          0.72594
Trial Time:          0.72679
Trial Time:          0.72727
Trial Time:          0.72621
Trial Time:          0.72482
Trial Time:          0.72303
Trial Time:          0.72268
Trial Time:          0.72313
Trial Time:          0.72172
Trial Time:          0.72266
Trial Time:          0.72671
Trial Time:          0.72249
Trial Time:          0.72403
Trial Time:          0.72322
Trial Time:          0.72387
Trial Time:          0.72595
Trial Time:          0.72541
Trial Time:          0.72498
Trial Time:          0.72583
Trial Time:          0.72388
Trial Time:          0.72222
Trial Time:          0.72273
Trial Time:          0.72192
Trial Time:          0.72273
Trial Time:          0.72586
Trial Time:          0.72265
Trial Time:          0.72261
Trial Time:          0.72284
Trial Time:          0.72091
Trial Time:          0.72012
Trial Time:          0.72185
Trial Time:          0.72112
Trial Time:          0.72213
Trial Time:          0.72180
Trial Time:          0.72330
Trial Time:          0.72535
Trial Time:          0.72154
Trial Time:          0.72317
Trial Time:          0.72128
Trial Time:          0.72079
Trial Time:          0.72216
Trial Time:          0.72166
Trial Time:          0.72351
Trial Time:          0.72295
Trial Time:          0.72074
Trial Time:          0.71970
Trial Time:          0.72009
Trial Time:          0.72353
Trial Time:          0.72255
Trial Time:          0.72275
Trial Time:          0.72319
Trial Time:          0.72320
Trial Time:          0.72402
Trial Time:          0.72049
Trial Time:          0.71993
Trial Time:          0.72082
Trial Time:          0.72236
Trial Time:          0.72102
Trial Time:          0.72392
Trial Time:          0.72304
Trial Time:          0.72297
Trial Time:          0.72232
Trial Time:          0.72191
Trial Time:          0.72293
Trial Time:          0.72440
Trial Time:          0.72426
Trial Time:          0.72431
Trial Time:          0.72509
Trial Time:          0.72245
Trial Time:          0.72382
Trial Time:          0.72329
Trial Time:          0.72217
Trial Time:          0.72476
Trial Time:          0.72504
Trial Time:          0.72264
Trial Time:          0.72442
Trial Time:          0.72168
Trial Time:          0.72073
Trial Time:  