Generate Time:       5.54124
Build Time:          4.31561
Graph has 4194302 nodes and 64155725 undirected edges for degree: 15
Trial Time:          0.68970
Trial Time:          0.68649
Trial Time:          0.68702
Trial Time:          0.68695
Trial Time:          0.68735
Trial Time:          0.68760
Trial Time:          0.68701
Trial Time:          0.68671
Trial Time:          0.68690
Trial Time:          0.68684
Trial Time:          0.68680
Trial Time:          0.68697
Trial Time:          0.68659
Trial Time:          0.68693
Trial Time:          0.68675
Trial Time:          0.68576
Trial Time:          0.68710
Trial Time:          0.68675
Trial Time:          0.68623
Trial Time:          0.68653
Trial Time:          0.68724
Trial Time:          0.68721
Trial Time:          0.68648
Trial Time:          0.68714
Trial Time:          0.68660
Trial Time:          0.68670
Trial Time:          0.68759
Trial Time:          0.68799
Trial Time:          0.68706
Trial Time:          0.68660
Trial Time:          0.68731
Trial Time:          0.68620
Trial Time:          0.68719
Trial Time:          0.68677
Trial Time:          0.68662
Trial Time:          0.68721
Trial Time:          0.68652
Trial Time:          0.68716
Trial Time:          0.68723
Trial Time:          0.68707
Trial Time:          0.68748
Trial Time:          0.68763
Trial Time:          0.68691
Trial Time:          0.68720
Trial Time:          0.68743
Trial Time:          0.68704
Trial Time:          0.68710
Trial Time:          0.68648
Trial Time:          0.68703
Trial Time:          0.68714
Trial Time:          0.68721
Trial Time:          0.68682
Trial Time:          0.68698
Trial Time:          0.68737
Trial Time:          0.68787
Trial Time:          0.68769
Trial Time:          0.68655
Trial Time:          0.68714
Trial Time:          0.68654
Trial Time:          0.68728
Trial Time:          0.68723
Trial Time:          0.68736
Trial Time:          0.68707
Trial Time:          0.68692
Trial Time:          0.68728
Trial Time:          0.68699
Trial Time:          0.68710
Trial Time:          0.68726
Trial Time:          0.68670
Trial Time:          0.68711
Trial Time:          0.68733
Trial Time:          0.68732
Trial Time:          0.68675
Trial Time:          0.68741
Trial Time:          0.68695
Trial Time:          0.68738
Trial Time:          0.68716
Trial Time:          0.68718
Trial Time:          0.68698
Trial Time:          0.68687
Trial Time:          0.68675
Trial Time:          0.68718
Trial Time:          0.68695
Trial Time:          0.68671
Trial Time:          0.68693
Trial Time:          0.68708
Trial Time:          0.68693
Trial Time:          0.68730
Trial Time:          0.68722
Trial Time:          0.68768
Trial Time:          0.68769
Trial Time:          0.68714
Trial Time:          0.68739
Trial Time:          0.68690
Trial Time:          0.68758
Trial Time:          0.68766
Trial Time:          0.68674
Trial Time:          0.68763
Trial Time:          0.68743
Trial Time:          0.68795
Trial Time:          0.68713
Trial Time:          0.68766
Trial Time:          0.68751
Trial Time:          0.68767
Trial Time:          0.68810
Trial Time:          0.68794
Trial Time:          0.68714
Trial Time:          0.68726
Trial Time:          0.68751
Trial Time:          0.68727
Trial Time:          0.68721
Trial Time:          0.68711
Trial Time:          0.68708
Trial Time:          0.68725
Trial Time:          0.68836
Trial Time:          0.68850
Trial Time:          0.68771
Trial Time:          0.68744
Trial Time:          0.68693
Trial Time:          0.68758
Trial Time:          0.68731
Trial Time:          0.68716
Trial Time:          0.68638
Trial Time:          0.68727
Trial Time:          0.68669
Trial Time:          0.68711
Trial Time:          0.68799
Trial Time:          0.68805
Trial Time:          0.68674
Trial Time:          0.68720
Trial Time:          0.68740
Trial Time:          0.68821
Trial Time:          0.68726
Trial Time:          0.68737
Trial Time:          0.68707
Trial Time:          0.68760
Trial Time:          0.68772
Trial Time:          0.68683
Trial Time:          0.68789
Trial Time:          0.68722
Trial Time:          0.68738
Trial Time:          0.68805
Trial Time:          0.68702
Trial Time:          0.68787
Trial Time:          0.68744
Trial Time:          0.68766
Trial Time:          0.68730
Trial Time:          0.68802
Trial Time:          0.68710
Trial Time:          0.68725
Trial Time:          0.68817
Trial Time:          0.68678
Trial Time:          0.68754
Trial Time:          0.68827
Trial Time:          0.68803
Trial Time:          0.68722
Trial Time:          0.68768
Trial Time:          0.68695
Trial Time:          0.68691
Trial Time:          0.68758
Trial Time:          0.68695
Trial Time:          0.68705
Trial Time:          0.68712
Trial Time:          0.68755
Trial Time:          0.68685
Trial Time:          0.68720
Trial Time:          0.68727
Trial Time:          0.68727
Trial Time:          0.68732
Trial Time:          0.68686
Trial Time:          0.68733
Trial Time:          0.68668
Trial Time:          0.68752
Trial Time:          0.68713
Trial Time:          0.68744
Trial Time:          0.68726
Trial Time:          0.68666
Trial Time:          0.68701
Trial Time:          0.68743
Trial Time:          0.68785
Trial Time:          0.68740
Trial Time:          0.68699
Trial Time:          0.68740
Trial Time:          0.68727
Trial Time:          0.68752
Trial Time:          0.68683
Trial Time:          0.68736
Trial Time:          0.68746
Trial Time:          0.68723
Trial Time:          0.68731
Trial Time:          0.68712
Trial Time:          0.68704
Trial Time:          0.68700
Trial Time:          0.68716
Trial Time:          0.68718
Trial Time:          0.68725
Trial Time:          0.68708
Trial Time:          0.68774
Trial Time:          0.68710
Trial Time:          0.68737
Trial Time:          0.68682
Trial Time:          0.68682
Trial Time:          0.68758
Trial Time:          0.68717
Trial Time:          0.68788
Trial Time:          0.68772
Trial Time:          0.68750
Trial Time:          0.68742
Trial Time:          0.68695
Trial Time:          0.68704
Trial Time:          0.68702
Trial Time:          0.68675
Trial Time:          0.68657
Trial Time:          0.68729
Trial Time:          0.68753
Trial Time:          0.68812
Trial Time:          0.68748
Trial Time:          0.68716
Trial Time:          0.68669
Trial Time:          0.68764
Trial Time:          0.68749
Trial Time:          0.68769
Trial Time:          0.68756
Trial Time:          0.68729
Trial Time:          0.68714
Trial Time:          0.68829
Trial Time:          0.68736
Trial Time:          0.68729
Trial Time:          0.68759
Trial Time:          0.68780
Trial Time:          0.68661
Trial Time:          0.68771
Trial Time:          0.68788
Trial Time:          0.68728
Trial Time:          0.68722
Trial Time:          0.68709
Trial Time:          0.68646
Trial Time:          0.68668
Trial Time:          0.68715
Trial Time:          0.68675
Trial Time:          0.68813
Trial Time:          0.68775
Trial Time:          0.68636
Trial Time:          0.68736
Trial Time:          0.68747
Trial Time:          0.68726
Trial Time:          0.68689
Trial Time:          0.68684
Trial Time:          0.68693
Trial Time:          0.68712
Trial Time:          0.68703
Trial Time:          0.68716
Trial Time:          0.68673
Trial Time:          0.68698
Trial Time:          0.68719
Trial Time:          0.68777
Trial Time:          0.68735
Trial Time:          0.68755
Trial Time:          0.68680
Trial Time:          0.68686
Trial Time:          0.68726
Trial Time:          0.68674
Trial Time:          0.68765
Trial Time:          0.68710
Trial Time:          0.68742
Trial Time:          0.68712
Trial Time:          0.68766
Trial Time:          0.68769
Trial Time:          0.68765
Trial Time:          0.68733
Trial Time:          0.68719
Trial Time:          0.68711
Trial Time:          0.68743
Trial Time:          0.68729
Trial Time:          0.68737
Trial Time:          0.68719
Trial Time:          0.68722
Trial Time:          0.68753
Trial Time:          0.68756
Trial Time:          0.68761
Trial Time:          0.68688
Trial Time:          0.68699
Trial Time:          0.68679
Trial Time:          0.68738
Trial Time:          0.68738
Trial Time:          0.68676
Trial Time:          0.68672
Trial Time:          0.68724
Trial Time:          0.68778
Trial Time:          0.68771
Trial Time:          0.68669
Trial Time:          0.68655
Trial Time:          0.68675
Trial Time:          0.68649
Trial Time:          0.68727
Trial Time:          0.68726
Trial Time:          0.68770
Trial Time:          0.68778
Trial Time:          0.68746
Trial Time:          0.68735
Trial Time:          0.68723
Trial Time:          0.68731
Trial Time:          0.68658
Trial Time:          0.68661
Trial Time:          0.68781
Trial Time:          0.68699
Trial Time:          0.68744
Trial Time:          0.68713
Trial Time:          0.68756
Trial Time:          0.68784
Trial Time:          0.68723
Trial Time:          0.68648
Trial Time:          0.68746
Trial Time:          0.68752
Trial Time:          0.68714
Trial Time:          0.68715
Trial Time:          0.68715
Trial Time:          0.68693
Trial Time:          0.68732
Trial Time:          0.68703
Trial Time:          0.68737
Trial Time:          0.68696
Trial Time:          0.68843
Trial Time:          0.68689
Trial Time:          0.68724
Trial Time:          0.68688
Trial Time:          0.68723
Trial Time:          0.68767
Trial Time:          0.68689
Trial Time:          0.68719
Trial Time:          0.68806
Trial Time:          0.68758
Trial Time:          0.68735
Trial Time:          0.68709
Trial Time:          0.68709
Trial Time:          0.68806
Trial Time:          0.68733
Trial Time:          0.68638
Trial Time:          0.68699
Trial Time:          0.68684
Trial Time:          0.68662
Trial Time:          0.68735
Trial Time:          0.68794
Trial Time:          0.68670
Trial Time:          0.68672
Trial Time:          0.68683
Trial Time:          0.68773
Trial Time:          0.68752
Trial Time:          0.68692
Trial Time:          0.68755
Trial Time:          0.68749
Trial Time:          0.68731
Trial Time:          0.68722
Trial Time:          0.68759
Trial Time:          0.68780
Trial Time:          0.68714
Trial Time:          0.68741
Trial Time:          0.68671
Trial Time:          0.68765
Trial Time:          0.68845
Trial Time:          0.68702
Trial Time:          0.68758
Trial Time:          0.68791
Trial Time:          0.68705
Trial Time:          0.68685
Trial Time:          0.68724
Trial Time:          0.68810
Trial Time:          0.68715
Trial Time:          0.68765
Trial Time:          0.68689
Trial Time:          0.68740
Trial Time:          0.68843
Trial Time:          0.68686
Trial Time:          0.68753
Trial Time:          0.68706
Trial Time:          0.68726
Trial Time:          0.68709
Trial Time:          0.68743
Trial Time:          0.68757
Trial Time:          0.68697
Trial Time:          0.68708
Trial Time:          0.68743
Trial Time:          0.68747
Trial Time:          0.68753
Trial Time:          0.68709
Trial Time:          0.68683
Trial Time:          0.68724
Trial Time:          0.68772
Trial Time:          0.68654
Trial Time:          0.68716
Trial Time:          0.68720
Trial Time:          0.68771
Trial Time:          0.68661
Trial Time:          0.68730
Trial Time:          0.68685
Trial Time:          0.68710
Trial Time:          0.68685
Trial Time:          0.68733
Trial Time:          0.68770
Trial Time:          0.68727
Trial Time:          0.68758
Trial Time:          0.68701
Trial Time:          0.68692
Trial Time:          0.68776
Trial Time:          0.68753
Trial Time:          0.68710
Trial Time:          0.68740
Trial Time:          0.68748
Trial Time:          0.68741
Trial Time:          0.68738
Trial Time:          0.68763
Trial Time:          0.68724
Trial Time:          0.68693
Trial Time:          0.68719
Trial Time:          0.68775
Trial Time:          0.68814
Trial Time:          0.68742
Trial Time:          0.68765
Trial Time:          0.68727
Trial Time:          0.68763
Trial Time:          0.68726
Trial Time:          0.68715
Trial Time:          0.68756
Trial Time:          0.68710
Trial Time:          0.68789
Trial Time:          0.68746
Trial Time:          0.68738
Trial Time:          0.68688
Trial Time:          0.68674
Trial Time:          0.68721
Trial Time:          0.68710
Trial Time:          0.68730
Trial Time:          0.68741
Trial Time:          0.68689
Trial Time:          0.68772
Trial Time:          0.68792
Trial Time:          0.68838
Trial Time:          0.68772
Trial Time:          0.68735
Trial Time:          0.68757
Trial Time:          0.68783
Trial Time:          0.68723
Trial Time:          0.68742
Trial Time:          0.68710
Trial Time:          0.68678
Trial Time:          0.68755
Trial Time:          0.68751
Trial Time:          0.68723
Trial Time:          0.68668
Trial Time:          0.68676
Trial Time:          0.68732
Trial Time:          0.68692
Trial Time:          0.68762
Trial Time:          0.68796
Trial Time:          0.68720
Trial Time:          0.68730
Trial Time:          0.68688
Trial Time:          0.68696
Trial Time:          0.68778
Trial Time:          0.68713
Trial Time:          0.68751
Trial Time:          0.68752
Trial Time:          0.68777
Trial Time:          0.68766
Trial Time:          0.68772
Trial Time:          0.68760
Trial Time:          0.68724
Trial Time:          0.68762
Trial Time:          0.68754
Trial Time:          0.68748
Trial Time:          0.68733
Trial Time:          0.68724
Trial Time:          0.68780
Trial Time:          0.68764
Trial Time:          0.68761
Trial Time:          0.68654
Trial Time:          0.68745
Trial Time:          0.68723
Trial Time:          0.68739
Trial Time:          0.68695
Trial Time:          0.68698
Trial Time:          0.68757
Trial Time:          0.68774
Trial Time:          0.68734
Trial Time:          0.68703
Trial Time:          0.68781
Trial Time:          0.68680
Trial Time:          0.68732
Trial Time:          0.68757
Trial Time:          0.68795
Trial Time:          0.68804
Trial Time:          0.68806
Trial Time:          0.68690
Trial Time:          0.68749
Trial Time:          0.68687
Trial Time:          0.68676
Trial Time:          0.68684
Trial Time:          0.68808
Trial Time:          0.68762
Trial Time:          0.68812
Trial Time:          0.68764
Trial Time:          0.68820
Trial Time:          0.68775
Trial Time:          0.68702
Trial Time:          0.68711
Trial Time:          0.68767
Trial Time:          0.68727
Trial Time:          0.68741
Trial Time:          0.68709
Trial Time:          0.68722
Trial Time:          0.68679
Trial Time:          0.68659
Trial Time:          0.68751
Trial Time:          0.68803
Trial Time:          0.68721
Trial Time:          0.68719
Trial Time:          0.68722
Trial Time:          0.68723
Trial Time:          0.68704
Trial Time:          0.68752
Trial Time:          0.68707
Trial Time:          0.68715
Trial Time:          0.68718
Trial Time:          0.68761
Trial Time:          0.68751
Trial Time:          0.68707
Trial Time:          0.68700
Trial Time:          0.68729
Trial Time:          0.68729
Trial Time:          0.68707
Trial Time:          0.68735
Trial Time:          0.68731
Trial Time:          0.68750
Trial Time:          0.68702
Trial Time:          0.68802
Trial Time:          0.68778
Trial Time:          0.68726
Trial Time:          0.68743
Trial Time:          0.68746
Trial Time:          0.68741
Trial Time:          0.68737
Trial Time:          0.68768
Trial Time:          0.68808
Trial Time:          0.68800
Trial Time:          0.68678
Trial Time:          0.68721
Trial Time:          0.68728
Trial Time:          0.68705
Trial Time:          0.68667
Trial Time:          0.68736
Trial Time:          0.68721
Trial Time:          0.68717
Trial Time:          0.68751
Trial Time:          0.68815
Trial Time:          0.68800
Trial Time:          0.68707
Trial Time:          0.68752
Trial Time:          0.68727
Trial Time:          0.68793
Trial Time:          0.68734
Trial Time:          0.68763
Trial Time:          0.68759
Trial Time:          0.68667
Trial Time:          0.68760
Trial Time:          0.68773
Trial Time:          0.68748
Trial Time:          0.68731
Trial Time:          0.68797
Trial Time:          0.68711
Trial Time:          0.68698
Trial Time:          0.68766
Trial Time:          0.68749
Trial Time:          0.68798
Trial Time:          0.68726
Trial Time:          0.68687
Trial Time:          0.68742
Trial Time:          0.68664
Trial Time:          0.68755
Trial Time:          0.68687
Trial Time:          0.68699
Trial Time:          0.68702
Trial Time:          0.68766
Trial Time:          0.68759
Trial Time:          0.68704
Trial Time:          0.68748
Trial Time:          0.68841
Trial Time:          0.68702
Trial Time:          0.68744
Trial Time:          0.68779
Trial Time:          0.68779
Trial Time:          0.68794
Trial Time:          0.68757
Trial Time:          0.68765
Trial Time:          0.68804
Trial Time:          0.68749
Trial Time:          0.68701
Trial Time:          0.68780
Trial Time:          0.68682
Trial Time:          0.68743
Trial Time:          0.68753
Trial Time:          0.68760
Trial Time:          0.68723
Trial Time:          0.68720
Trial Time:          0.68803
Trial Time:          0.68794
Trial Time:          0.68744
Trial Time:          0.68710
Trial Time:          0.68835
Trial Time:          0.68730
Trial Time:          0.68691
Trial Time:          0.68726
Trial Time:          0.68745
Trial Time:          0.68770
Trial Time:          0.68735
Trial Time:          0.68720
Trial Time:          0.68749
Trial Time:          0.68737
Trial Time:          0.68716
Trial Time:          0.68751
Trial Time:          0.68753
Trial Time:          0.68765
Trial Time:          0.68773
Trial Time:          0.68767
Trial Time:          0.68778
Trial Time:          0.68736
Trial Time:          0.68702
Trial Time:          0.68733
Trial Time:          0.68799
Trial Time:          0.68808
Trial Time:          0.68757
Trial Time:          0.68741
Trial Time:          0.68691
Trial Time:          0.68768
Trial Time:          0.68757
Trial Time:          0.68720
Trial Time:          0.68718
Trial Time:          0.68748
Trial Time:          0.68788
Trial Time:          0.68717
Trial Time:          0.68727
Trial Time:          0.68730
Trial Time:          0.68667
Trial Time:          0.68689
Trial Time:          0.68761
Trial Time:          0.68742
Trial Time:          0.68711
Trial Time:          0.68729
Trial Time:          0.68747
Trial Time:          0.68743
Trial Time:          0.68686
Trial Time:          0.68683
Trial Time:          0.68685
Trial Time:          0.68652
Trial Time:          0.68694
Trial Time:          0.68650
Trial Time:          0.68702
Trial Time:          0.68664
Trial Time:          0.68745
Trial Time:          0.68767
Trial Time:          0.69244
Trial Time:          0.69434
Trial Time:          0.69438
Trial Time:          0.69371
Trial Time:          0.69410
Trial Time:          0.69448
Trial Time:          0.69403
Trial Time:          0.69385
Trial Time:          0.69432
Trial Time:          0.69400
Trial Time:          0.69401
Trial Time:          0.69386
Trial Time:          0.69359
Trial Time:          0.69418
Trial Time:          0.69468
Trial Time:          0.69443
Trial Time:          0.69449
Trial Time:          0.69458
Trial Time:          0.69401
Trial Time:          0.69402
Trial Time:          0.69449
Trial Time:          0.69419
Trial Time:          0.69432
Trial Time:          0.69436
Trial Time:          0.69336
Trial Time:          0.69428
Trial Time:          0.69450
Trial Time:          0.69365
Trial Time:          0.69382
Trial Time:          0.69487
Trial Time:          0.69403
Trial Time:          0.69384
Trial Time:          0.69493
Trial Time:          0.69446
Trial Time:          0.69426
Trial Time:          0.69435
Trial Time:          0.69463
Trial Time:          0.69475
Trial Time:          0.69512
Trial Time:          0.69494
Trial Time:          0.69496
Trial Time:          0.69379
Trial Time:          0.69408
Trial Time:          0.69477
Trial Time:          0.69442
Trial Time:          0.69429
Trial Time:          0.69497
Trial Time:          0.69440
Trial Time:          0.69343
Trial Time:          0.69476
Trial Time:          0.69398
Trial Time:          0.69406
Trial Time:          0.69471
Trial Time:          0.69389
Trial Time:          0.69426
Trial Time:          0.69461
Trial Time:          0.69431
Trial Time:          0.69370
Trial Time:          0.69546
Trial Time:          0.69518
Trial Time:          0.69493
Trial Time:          0.69511
Trial Time:          0.69463
Trial Time:          0.69529
Trial Time:          0.69486
Trial Time:          0.69461
Trial Time:          0.69484
Trial Time:          0.69509
Trial Time:          0.69501
Trial Time:          0.69498
Trial Time:          0.69501
Trial Time:          0.69382
Trial Time:          0.69407
Trial Time:          0.69399
Trial Time:          0.69398
Trial Time:          0.69470
Trial Time:          0.69538
Trial Time:          0.69446
Trial Time:          0.69512
Trial Time:          0.69479
Trial Time:          0.69410
Trial Time:          0.69500
Trial Time:          0.69513
Trial Time:          0.69389
Trial Time:          0.69477
Trial Time:          0.69522
Trial Time:          0.69440
Trial Time:          0.69494
Trial Time:          0.68958
Trial Time:          0.69214
Trial Time:          0.72479
Trial Time:          0.72400
Trial Time:          0.72396
Trial Time:          0.72188
Trial Time:          0.72124
Trial Time:          0.72087
Trial Time:          0.72315
Trial Time:          0.72493
Trial Time:          0.72531
Trial Time:          0.72112
Trial Time:          0.72332
Trial Time:          0.72255
Trial Time:          0.72121
Trial Time:          0.72373
Trial Time:          0.72184
Trial Time:          0.72071
Trial Time:          0.72075
Trial Time:          0.72172
Trial Time:          0.72127
Trial Time:          0.72238
Trial Time:          0.72442
Trial Time:          0.72271
Trial Time:          0.72422
Trial Time:          0.72223
Trial Time:          0.72297
Trial Time:          0.72382
Trial Time:          0.72470
Trial Time:          0.72377
Trial Time:          0.72433
Trial Time:          0.72323
Trial Time:          0.72484
Trial Time:          0.72388
Trial Time:          0.72504
Trial Time:          0.72478
Trial Time:          0.72646
Trial Time:          0.72625
Trial Time:          0.72453
Trial Time:          0.72368
Trial Time:          0.72225
Trial Time:          0.72166
Trial Time:          0.72213
Trial Time:          0.72135
Trial Time:          0.72130
Trial Time:          0.72543
Trial Time:          0.72185
Trial Time:          0.72332
Trial Time:          0.72172
Trial Time:          0.72183
Trial Time:          0.72463
Trial Time:          0.72313
Trial Time:          0.72200
Trial Time:          0.72434
Trial Time:          0.72044
Trial Time:          0.72016
Trial Time:          0.71976
Trial Time:          0.71953
Trial Time:          0.72040
Trial Time:          0.72301
Trial Time:          0.72049
Trial Time:          0.72081
Trial Time:          0.72011
Trial Time:          0.72012
Trial Time:          0.72028
Trial Time:          0.72045
Trial Time:          0.72005
Trial Time:          0.72109
Trial Time:          0.72050
Trial Time:          0.72272
Trial Time:          0.72441
Trial Time:          0.72081
Trial Time:          0.72262
Trial Time:          0.71974
Trial Time:          0.71954
Trial Time:          0.72120
Trial Time:          0.72113
Trial Time:          0.72238
Trial Time:          0.72420
Trial Time:          0.72057
Trial Time:          0.71976
Trial Time:          0.71963
Trial Time:          0.72329
Trial Time:          0.72235
Trial Time:          0.72153
Trial Time:          0.72349
Trial Time:          0.72317
Trial Time:          0.72234
Trial Time:          0.71956
Trial Time:          0.71992
Trial Time:          0.71986
Trial Time:          0.72104
Trial Time:          0.72055
Trial Time:          0.72309
Trial Time:          0.72256
Trial Time:          0.72266
Trial Time:          0.72112
Trial Time:          0.72103
Trial Time:          0.72228
Trial Time:          0.72351
Trial Time:          0.72356
Trial Time:          0.72301
Trial Time:          0.72394
Trial Time:          0.72160
Trial Time:          0.72296
Trial Time:          0.72278
Trial Time:          0.72174
Trial Time:          0.72407
Trial Time:          0.72415
Trial Time:          0.72178
Trial Time:          0.72393
Trial Time:          0.72139
Trial Time:          0.71951
Trial Time:          0.72392
Trial Time:          0.72386
Trial Time:          0.72358
Trial Time:          0.72033
Trial Time:          0.72199
Trial Time:          0.72251
Trial Time:          0.72102
Trial Time:          0.72318
Trial Time:          0.72308
Trial Time:          0.72275
Trial Time:          0.72434
Trial Time:          0.72355
Trial Time:          0.72032
Trial Time:          0.72001
Trial Time:          0.72134
Trial Time:          0.72370
Trial Time:          0.72169
Trial Time:          0.72330
Trial Time:          0.72505
Trial Time:          0.72477
Trial Time:          0.72325
Trial Time:          0.72353
Trial Time:          0.71429
Trial Time:          0.71435
Trial Time:          0.71321
Trial Time:          0.71593
Trial Time:          0.71454
Trial Time:          0.71631
Trial Time:          0.71596
Trial Time:          0.71404
Trial Time:          0.71240
Trial Time:          0.71251
Trial Time:          0.71524
Trial Time:          0.71432
Trial Time:          0.71483
Trial Time:          0.71452
Trial Time:          0.71351
Trial Time:          0.71687
Trial Time:          0.71513
Trial Time:          0.71405
Trial Time:          0.71209
Trial Time:          0.71305
Trial Time:          0.71309
Trial Time:          0.71305
Trial Time:          0.71357
Trial Time:          0.73601
Trial Time:          0.79098
Trial Time:          0.79090
Trial Time:          0.73087
Trial Time:          0.71652
Trial Time:          0.71756
Trial Time:          0.71689
Trial Time:          0.71552
Trial Time:          0.71662
Trial Time:          0.71685
Trial Time:          0.71620
Trial Time:          0.71438
Trial Time:          0.71314
Trial Time:          0.71588
Trial Time:          0.71738
Trial Time:          0.71413
Trial Time:          0.71373
Trial Time:          0.71537
Trial Time:          0.71608
Trial Time:          0.71279
Trial Time:          0.71355
Trial Time:          0.71333
Trial Time:          0.71273
Trial Time:          0.71588
Trial Time:          0.71381
Trial Time:          0.71512
Trial Time:          0.71452
Trial Time:          0.71683
Trial Time:          0.71426
Trial Time:          0.71585
Trial Time:          0.71629
Trial Time:          0.73137
Trial Time:          0.73200
Trial Time:          0.75429
Trial Time:          1.09013
Trial Time:          0.85365
Trial Time:          1.16017
Trial Time:          1.03606
Trial Time:          0.75604
Trial Time:          0.75475
Trial Time:          0.86228
Trial Time:          0.81685
Trial Time:          0.71994
Trial Time:          0.71440
Trial Time:          1.03220
Trial Time:          0.88079
Trial Time:          0.85268
Trial Time:          0.81464
Trial Time:          0.77693
Trial Time:          0.73334
Trial Time:          1.08532
Trial Time:          0.85052
Trial Time:          0.92191
Trial Time:          1.12471
Trial Time:          1.13582
Trial Time:          0.79211
Trial Time:          0.79140
Trial Time:          0.95766
Trial Time:          0.93067
Trial Time:          0.76422
Trial Time:          0.71473
Trial Time:          1.08164
Trial Time:          0.71143
Trial Time:          0.71790
Trial Time:          0.76666
Trial Time:          0.90146
Trial Time:          0.71475
Trial Time:          0.71240
Trial Time:          0.75424
Trial Time:          0.85386
Trial Time:          0.94326
Trial Time:          0.93655
Trial Time:          0.75602
Trial Time:          1.02618
Trial Time:          0.79888
Trial Time:          0.90201
Trial Time:          0.92429
Trial Time:          0.75479
Trial Time:          0.75425
Trial Time:          0.73205
Trial Time:          0.78252
Trial Time:          0.82356
Trial Time:          0.78843
Trial Time:          0.85297
Trial Time:          0.92088
Trial Time:          0.76198
Trial Time:          0.71746
Trial Time:          0.71356
Trial Time:          0.71031
Trial Time:          0.95410
Trial Time:          0.84116
Trial Time:          0.75986
Trial Time:          0.84922
Trial Time:          0.92920
Trial Time:          0.73303
Trial Time:          0.99827
Trial Time:          1.15039
Trial Time:          1.12513
Trial Time:          0.85275
Trial Time:          0.73037
Trial Time:          0.76968
Trial Time:          0.93880
Trial Time:          1.15580
Trial Time:          0.99400
Trial Time:          0.95204
Trial Time:          1.05053
Trial Time:          0.89738
Trial Time:          0.84850
Trial Time:          0.84482
Trial Time:          0.84927
Trial Time:          0.74509
Trial Time:          0.79034
Trial Time:          0.80658
Trial Time:          0.72031
Trial Time:          0.78395
Trial Time:          0.79035
Trial Time:          0.91076
Trial Time:          0.99898
Trial Time:          0.82624
Trial Time:          0.79541
Trial Time:          0.94808
Trial Time:          0.85019
Trial Time:          1.09129
Trial Time:          0.77611
Trial Time:          0.72877
Trial Time:          0.72520
Trial Time:          0.79150
Trial Time:          0.78473
Trial Time:          0.74409
Trial Time:          0.81592
Trial Time:          0.99843
Trial Time:          0.73311
Trial Time:          0.71155
Trial Time:          0.71087
Trial Time:          0.71563
Trial Time:          0.73265
Trial Time:          0.77573
Trial Time:          0.74480
Trial Time:          0.72292
Trial Time:          0.85147
Trial Time:          0.94131
Trial Time:          0.74201
Trial Time:          0.91671
Trial Time:          0.93269
Trial Time:          0.83387
Trial Time:          0.88424
Trial Time:          0.73145
Trial Time:          0.73213
Trial Time:          0.83895
Trial Time:          0.93809
Trial Time:          0.90068
Trial Time:          0.84134
Trial Time:          0.85046
Trial Time:          1.09897
Trial Time:          0.79017
Trial Time:          0.72034
Trial Time:          0.73015
Trial Time:          0.74988
Trial Time:          0.71619
Trial Time:          0.87708
Trial Time:          0.93368
Trial Time:          0.81649
Trial Time:          0.75663
Trial Time:          0.84293
Trial Time:          0.72192
Trial Time:          0.76381
Trial Time:          0.80727
Trial Time:          0.85716
Trial Time:          0.94823
Trial Time:          0.92812
Trial Time:          0.71191
Trial Time:          0.97992
Trial Time:          0.92107
Trial Time:          0.79565
Trial Time:          0.74279
Trial Time:          0.71568
Trial Time:          0.74795
Trial Time:          0.73320
Trial Time:          0.71492
Trial Time:          0.72121
Trial Time:          0.87658
Trial Time:          0.81910
Trial Time:          0.74769
Trial Time:          0.73360
Trial Time:          1.09635
Trial Time:          0.75682
Trial Time:          0.88859
Trial Time:          0.80845
Trial Time:          0.78623
Trial Time:          0.82840
Trial Time:          0.73245
Trial Time:          0.77859
Trial Time:          0.79050
Trial Time:          0.82363
Trial Time:          0.93603
Trial Time:          0.91656
Trial Time:          0.73327
Trial Time:          1.04391
Trial Time:          0.88587
Trial Time:          1.05014
Trial Time:          0.90181
Trial Time:          0.84185
Trial Time:          0.80217
Trial Time:          0.77918
Trial Time:          1.07421
Trial Time:          0.79543
Trial Time:          0.93900
Trial Time:          0.72676
Trial Time:          0.74619
Trial Time:          0.77136
Trial Time:          0.71261
Trial Time:          0.82052
Trial Time:          1.03830
Trial Time:          0.98938
Trial Time:          0.87211
Trial Time:          0.79093
Trial Time:          0.74793
Trial Time:          0.93171
Trial Time:          0.79166
Trial Time:          0.74532
Trial Time:          0.88684
Trial Time:          0.98963
Trial Time:          0.80694
Trial Time:          0.73470
Trial Time:          0.72230
Trial Time:          0.71769
Trial Time:          0.74770
Trial Time:          0.92179
Trial Time:          0.75733
Trial Time:          1.05841
Trial Time:          0.95467
Trial Time:          0.93438
Trial Time:          0.82229
Trial Time:          0.86518
Trial Time:          0.84151
Trial Time:          0.71343
Trial Time:          0.75607
Trial Time:          1.02624
Trial Time:          0.80207
Trial Time:          0.72460
Trial Time:          0.73435
Trial Time:          0.75547
Trial Time:          0.81862
Trial Time:          0.78685
Trial Time:          0.74906
Trial Time:          0.85043
Trial Time:          0.85150
Trial Time:          0.85289
Trial Time:          0.85182
Trial Time:          0.85216
Trial Time:          0.85187
Trial Time:          0.85231
Trial Time:          0.85127
Trial Time:          0.85137
Trial Time:          0.85208
Trial Time:          0.85332
Trial Time:          0.85167
Trial Time:          0.85166
Trial Time:          0.85237
Trial Time:          0.85222
Trial Time:          0.85185
Trial Time:          0.85114
Trial Time:          0.85213
Trial Time:          0.85240
Trial Time:          0.85216
Trial Time:          0.85265
Trial Time:          0.85276
Trial Time:          0.85178
Trial Time:          0.85262
Trial Time:          0.85151
Trial Time:          0.85125
Trial Time:          0.85277
Trial Time:          0.85263
Trial Time:          0.85291
Trial Time:          0.85312
Trial Time:          0.85291
Trial Time:          0.85278
Trial Time:          0.85214
Trial Time:          0.85267
Trial Time:          0.85345
Trial Time:          0.85304
Trial Time:          0.85262
Trial Time:          0.85326
Trial Time:          0.85164
Trial Time:          0.85158
Trial Time:          0.85175
Trial Time:          0.85146
Trial Time:          0.85176
Trial Time:          0.85320
Trial Time:          0.85160
Trial Time:          0.85192
Trial Time:          0.85217
Trial Time:          0.85265
Trial Time:          0.85166
Trial Time:          0.85294
Trial Time:          0.85137
Trial Time:          0.85326
Trial Time:          0.85283
Trial Time:          0.85199
Trial Time:          0.85171
Trial Time:          0.85269
Trial Time:          0.85312
Trial Time:          0.85193
Trial Time:          0.85180
Trial Time:          0.85176
Trial Time:          0.85283
Trial Time:          0.85179
Trial Time:          0.85199
Trial Time:          0.85164
Trial Time:          0.85249
Trial Time:          0.85129
Trial Time:          0.85103
Trial Time:          0.85167
Trial Time:          0.85252
Trial Time:          0.85311
Trial Time:          0.85235
Trial Time:          0.85176
Trial Time:          0.85147
Trial Time:          0.85262
Trial Time:          0.85154
Trial Time:          0.85261
Trial Time:          0.85271
Trial Time:          0.85243
Trial Time:          0.85272
Trial Time:          0.85257
Trial Time:          0.85296
Trial Time:          0.85193
Trial Time:          0.85225
Trial Time:          0.85140
Trial Time:          0.85256
Trial Time:          0.85244
Trial Time:          0.85278
Trial Time:          0.85235
Trial Time:          0.85222
Trial Time:          0.85212
Trial Time:          0.85222
Trial Time:          0.85337
Trial Time:          0.85119
Trial Time:          0.85165
Trial Time:          0.85288
Trial Time:          0.85251
Trial Time:          0.85170
Trial Time:          0.85180
Trial Time:          0.85147
Trial Time:          0.85185
Trial Time:          0.85173
Trial Time:          0.85190
Trial Time:          0.85230
Trial Time:          0.85245
Trial Time:          0.85178
Trial Time:          0.85274
Trial Time:          0.85148
Trial Time:          0.85223
Trial Time:          0.85207
Trial Time:          0.85246
Trial Time:          0.85190
Trial Time:          0.85195
Trial Time:          0.85230
Trial Time:          0.85164
Trial Time:          0.85258
Trial Time:          0.85242
Trial Time:          0.85160
Trial Time:          0.85174
Trial Time:          0.85223
Trial Time:          0.85272
Trial Time:          0.85193
Trial