Generate Time:       5.54018
Build Time:          4.32271
Graph has 4194302 nodes and 64155725 undirected edges for degree: 15
Trial Time:          0.68951
Trial Time:          0.68627
Trial Time:          0.68696
Trial Time:          0.68704
Trial Time:          0.68705
Trial Time:          0.68656
Trial Time:          0.68698
Trial Time:          0.68724
Trial Time:          0.68631
Trial Time:          0.68726
Trial Time:          0.68731
Trial Time:          0.68707
Trial Time:          0.68702
Trial Time:          0.68656
Trial Time:          0.68788
Trial Time:          0.68702
Trial Time:          0.68615
Trial Time:          0.68681
Trial Time:          0.68640
Trial Time:          0.68749
Trial Time:          0.68689
Trial Time:          0.68806
Trial Time:          0.68668
Trial Time:          0.68659
Trial Time:          0.68581
Trial Time:          0.68680
Trial Time:          0.68704
Trial Time:          0.68702
Trial Time:          0.68643
Trial Time:          0.68659
Trial Time:          0.68673
Trial Time:          0.68677
Trial Time:          0.68658
Trial Time:          0.68663
Trial Time:          0.68745
Trial Time:          0.68655
Trial Time:          0.68791
Trial Time:          0.68725
Trial Time:          0.68735
Trial Time:          0.68707
Trial Time:          0.68711
Trial Time:          0.68669
Trial Time:          0.68715
Trial Time:          0.68789
Trial Time:          0.68635
Trial Time:          0.68563
Trial Time:          0.68667
Trial Time:          0.68698
Trial Time:          0.68705
Trial Time:          0.68731
Trial Time:          0.68704
Trial Time:          0.68752
Trial Time:          0.68660
Trial Time:          0.68732
Trial Time:          0.68653
Trial Time:          0.68679
Trial Time:          0.68722
Trial Time:          0.68637
Trial Time:          0.68673
Trial Time:          0.68680
Trial Time:          0.68740
Trial Time:          0.68662
Trial Time:          0.68681
Trial Time:          0.68694
Trial Time:          0.68629
Trial Time:          0.68694
Trial Time:          0.68697
Trial Time:          0.68622
Trial Time:          0.68635
Trial Time:          0.68695
Trial Time:          0.68745
Trial Time:          0.68690
Trial Time:          0.68701
Trial Time:          0.68786
Trial Time:          0.68714
Trial Time:          0.68699
Trial Time:          0.68663
Trial Time:          0.68651
Trial Time:          0.68678
Trial Time:          0.68756
Trial Time:          0.68750
Trial Time:          0.68685
Trial Time:          0.68699
Trial Time:          0.68733
Trial Time:          0.68716
Trial Time:          0.68721
Trial Time:          0.68749
Trial Time:          0.68729
Trial Time:          0.68664
Trial Time:          0.68681
Trial Time:          0.68793
Trial Time:          0.68661
Trial Time:          0.68732
Trial Time:          0.68662
Trial Time:          0.68658
Trial Time:          0.68671
Trial Time:          0.68654
Trial Time:          0.68688
Trial Time:          0.68680
Trial Time:          0.68776
Trial Time:          0.68655
Trial Time:          0.68771
Trial Time:          0.68648
Trial Time:          0.68718
Trial Time:          0.68647
Trial Time:          0.68647
Trial Time:          0.68733
Trial Time:          0.68679
Trial Time:          0.68759
Trial Time:          0.68716
Trial Time:          0.68725
Trial Time:          0.68771
Trial Time:          0.68682
Trial Time:          0.68688
Trial Time:          0.68739
Trial Time:          0.68759
Trial Time:          0.68660
Trial Time:          0.68722
Trial Time:          0.68727
Trial Time:          0.68737
Trial Time:          0.68720
Trial Time:          0.68661
Trial Time:          0.68702
Trial Time:          0.68765
Trial Time:          0.68719
Trial Time:          0.68789
Trial Time:          0.68771
Trial Time:          0.68696
Trial Time:          0.68770
Trial Time:          0.68771
Trial Time:          0.68730
Trial Time:          0.68752
Trial Time:          0.68672
Trial Time:          0.68707
Trial Time:          0.68708
Trial Time:          0.68779
Trial Time:          0.68673
Trial Time:          0.68684
Trial Time:          0.68715
Trial Time:          0.68691
Trial Time:          0.68751
Trial Time:          0.68601
Trial Time:          0.68675
Trial Time:          0.68670
Trial Time:          0.68714
Trial Time:          0.68736
Trial Time:          0.68619
Trial Time:          0.68706
Trial Time:          0.68626
Trial Time:          0.68623
Trial Time:          0.68702
Trial Time:          0.68719
Trial Time:          0.68673
Trial Time:          0.68685
Trial Time:          0.68715
Trial Time:          0.68622
Trial Time:          0.68740
Trial Time:          0.68693
Trial Time:          0.68669
Trial Time:          0.68711
Trial Time:          0.68671
Trial Time:          0.68667
Trial Time:          0.68682
Trial Time:          0.68752
Trial Time:          0.68719
Trial Time:          0.68690
Trial Time:          0.68684
Trial Time:          0.68705
Trial Time:          0.68729
Trial Time:          0.68700
Trial Time:          0.68712
Trial Time:          0.68722
Trial Time:          0.68723
Trial Time:          0.68667
Trial Time:          0.68618
Trial Time:          0.68628
Trial Time:          0.68672
Trial Time:          0.68700
Trial Time:          0.68678
Trial Time:          0.68710
Trial Time:          0.68665
Trial Time:          0.68775
Trial Time:          0.68739
Trial Time:          0.68705
Trial Time:          0.68695
Trial Time:          0.68634
Trial Time:          0.68724
Trial Time:          0.68643
Trial Time:          0.68669
Trial Time:          0.68691
Trial Time:          0.68665
Trial Time:          0.68678
Trial Time:          0.68720
Trial Time:          0.68658
Trial Time:          0.68675
Trial Time:          0.68710
Trial Time:          0.68659
Trial Time:          0.68659
Trial Time:          0.68729
Trial Time:          0.68706
Trial Time:          0.68742
Trial Time:          0.68759
Trial Time:          0.68668
Trial Time:          0.68772
Trial Time:          0.68706
Trial Time:          0.68764
Trial Time:          0.68733
Trial Time:          0.68704
Trial Time:          0.68781
Trial Time:          0.68804
Trial Time:          0.68758
Trial Time:          0.68745
Trial Time:          0.68790
Trial Time:          0.68733
Trial Time:          0.68704
Trial Time:          0.68805
Trial Time:          0.68789
Trial Time:          0.68751
Trial Time:          0.68735
Trial Time:          0.68689
Trial Time:          0.68702
Trial Time:          0.68703
Trial Time:          0.68701
Trial Time:          0.68756
Trial Time:          0.68770
Trial Time:          0.68657
Trial Time:          0.68668
Trial Time:          0.68660
Trial Time:          0.68734
Trial Time:          0.68701
Trial Time:          0.68734
Trial Time:          0.68640
Trial Time:          0.68755
Trial Time:          0.68751
Trial Time:          0.68736
Trial Time:          0.68644
Trial Time:          0.68667
Trial Time:          0.68642
Trial Time:          0.68665
Trial Time:          0.68730
Trial Time:          0.68686
Trial Time:          0.68687
Trial Time:          0.68696
Trial Time:          0.68662
Trial Time:          0.68746
Trial Time:          0.68714
Trial Time:          0.68700
Trial Time:          0.68758
Trial Time:          0.68734
Trial Time:          0.68761
Trial Time:          0.68703
Trial Time:          0.68760
Trial Time:          0.68676
Trial Time:          0.68687
Trial Time:          0.68783
Trial Time:          0.68779
Trial Time:          0.68750
Trial Time:          0.68729
Trial Time:          0.68703
Trial Time:          0.68710
Trial Time:          0.68730
Trial Time:          0.68717
Trial Time:          0.68710
Trial Time:          0.68766
Trial Time:          0.68691
Trial Time:          0.68683
Trial Time:          0.68709
Trial Time:          0.68717
Trial Time:          0.68711
Trial Time:          0.68748
Trial Time:          0.68658
Trial Time:          0.68763
Trial Time:          0.68671
Trial Time:          0.68757
Trial Time:          0.68703
Trial Time:          0.68683
Trial Time:          0.68747
Trial Time:          0.68666
Trial Time:          0.68677
Trial Time:          0.68728
Trial Time:          0.68725
Trial Time:          0.68718
Trial Time:          0.68721
Trial Time:          0.68792
Trial Time:          0.68718
Trial Time:          0.68749
Trial Time:          0.68735
Trial Time:          0.68751
Trial Time:          0.68793
Trial Time:          0.68703
Trial Time:          0.68661
Trial Time:          0.68733
Trial Time:          0.68718
Trial Time:          0.68786
Trial Time:          0.68799
Trial Time:          0.68653
Trial Time:          0.68759
Trial Time:          0.68717
Trial Time:          0.68781
Trial Time:          0.68674
Trial Time:          0.68628
Trial Time:          0.68628
Trial Time:          0.68680
Trial Time:          0.68778
Trial Time:          0.68714
Trial Time:          0.68688
Trial Time:          0.68815
Trial Time:          0.68788
Trial Time:          0.68757
Trial Time:          0.68679
Trial Time:          0.68688
Trial Time:          0.68650
Trial Time:          0.68751
Trial Time:          0.68738
Trial Time:          0.68743
Trial Time:          0.68773
Trial Time:          0.68734
Trial Time:          0.68741
Trial Time:          0.68700
Trial Time:          0.68737
Trial Time:          0.68723
Trial Time:          0.68691
Trial Time:          0.68689
Trial Time:          0.68638
Trial Time:          0.68803
Trial Time:          0.68719
Trial Time:          0.68741
Trial Time:          0.68741
Trial Time:          0.68696
Trial Time:          0.68696
Trial Time:          0.68716
Trial Time:          0.68718
Trial Time:          0.68757
Trial Time:          0.68731
Trial Time:          0.68686
Trial Time:          0.68635
Trial Time:          0.68658
Trial Time:          0.68777
Trial Time:          0.68690
Trial Time:          0.68759
Trial Time:          0.68689
Trial Time:          0.68730
Trial Time:          0.68670
Trial Time:          0.68648
Trial Time:          0.68694
Trial Time:          0.68748
Trial Time:          0.68732
Trial Time:          0.68748
Trial Time:          0.68699
Trial Time:          0.68771
Trial Time:          0.68794
Trial Time:          0.68776
Trial Time:          0.68676
Trial Time:          0.68759
Trial Time:          0.68658
Trial Time:          0.68701
Trial Time:          0.68696
Trial Time:          0.68665
Trial Time:          0.68704
Trial Time:          0.68744
Trial Time:          0.68719
Trial Time:          0.68733
Trial Time:          0.68802
Trial Time:          0.68743
Trial Time:          0.68728
Trial Time:          0.68769
Trial Time:          0.68808
Trial Time:          0.68750
Trial Time:          0.68788
Trial Time:          0.68648
Trial Time:          0.68721
Trial Time:          0.68730
Trial Time:          0.68717
Trial Time:          0.68656
Trial Time:          0.68731
Trial Time:          0.68660
Trial Time:          0.68739
Trial Time:          0.68781
Trial Time:          0.68817
Trial Time:          0.68725
Trial Time:          0.68701
Trial Time:          0.68726
Trial Time:          0.68720
Trial Time:          0.68730
Trial Time:          0.68701
Trial Time:          0.68680
Trial Time:          0.68709
Trial Time:          0.68746
Trial Time:          0.68818
Trial Time:          0.68628
Trial Time:          0.68773
Trial Time:          0.68751
Trial Time:          0.68699
Trial Time:          0.68704
Trial Time:          0.68682
Trial Time:          0.68765
Trial Time:          0.68662
Trial Time:          0.68692
Trial Time:          0.68705
Trial Time:          0.68759
Trial Time:          0.68807
Trial Time:          0.68676
Trial Time:          0.68796
Trial Time:          0.68726
Trial Time:          0.68750
Trial Time:          0.68683
Trial Time:          0.68686
Trial Time:          0.68740
Trial Time:          0.68746
Trial Time:          0.68734
Trial Time:          0.68720
Trial Time:          0.68690
Trial Time:          0.68662
Trial Time:          0.68741
Trial Time:          0.68749
Trial Time:          0.68787
Trial Time:          0.68784
Trial Time:          0.68642
Trial Time:          0.68673
Trial Time:          0.68795
Trial Time:          0.68815
Trial Time:          0.68753
Trial Time:          0.68693
Trial Time:          0.68714
Trial Time:          0.68739
Trial Time:          0.68751
Trial Time:          0.68751
Trial Time:          0.68725
Trial Time:          0.68705
Trial Time:          0.68761
Trial Time:          0.68759
Trial Time:          0.68697
Trial Time:          0.68768
Trial Time:          0.68744
Trial Time:          0.68753
Trial Time:          0.68656
Trial Time:          0.68683
Trial Time:          0.68849
Trial Time:          0.68774
Trial Time:          0.68771
Trial Time:          0.68776
Trial Time:          0.68674
Trial Time:          0.68677
Trial Time:          0.68762
Trial Time:          0.68629
Trial Time:          0.68653
Trial Time:          0.68741
Trial Time:          0.68712
Trial Time:          0.68774
Trial Time:          0.68762
Trial Time:          0.68697
Trial Time:          0.68792
Trial Time:          0.68696
Trial Time:          0.68751
Trial Time:          0.68669
Trial Time:          0.68688
Trial Time:          0.68645
Trial Time:          0.68778
Trial Time:          0.68666
Trial Time:          0.68649
Trial Time:          0.68690
Trial Time:          0.68660
Trial Time:          0.68738
Trial Time:          0.68665
Trial Time:          0.68726
Trial Time:          0.68697
Trial Time:          0.68728
Trial Time:          0.68798
Trial Time:          0.68709
Trial Time:          0.68721
Trial Time:          0.68730
Trial Time:          0.68733
Trial Time:          0.68684
Trial Time:          0.68771
Trial Time:          0.68757
Trial Time:          0.68770
Trial Time:          0.68740
Trial Time:          0.68682
Trial Time:          0.68714
Trial Time:          0.68669
Trial Time:          0.68630
Trial Time:          0.68728
Trial Time:          0.68772
Trial Time:          0.68695
Trial Time:          0.68781
Trial Time:          0.68757
Trial Time:          0.68766
Trial Time:          0.68678
Trial Time:          0.68660
Trial Time:          0.68752
Trial Time:          0.68777
Trial Time:          0.68729
Trial Time:          0.68687
Trial Time:          0.68683
Trial Time:          0.68700
Trial Time:          0.68725
Trial Time:          0.68652
Trial Time:          0.68735
Trial Time:          0.68696
Trial Time:          0.68685
Trial Time:          0.68750
Trial Time:          0.68743
Trial Time:          0.68711
Trial Time:          0.68681
Trial Time:          0.68782
Trial Time:          0.68618
Trial Time:          0.68792
Trial Time:          0.68722
Trial Time:          0.68776
Trial Time:          0.68750
Trial Time:          0.68655
Trial Time:          0.68726
Trial Time:          0.68745
Trial Time:          0.68737
Trial Time:          0.68716
Trial Time:          0.68761
Trial Time:          0.68776
Trial Time:          0.68746
Trial Time:          0.68752
Trial Time:          0.68792
Trial Time:          0.68768
Trial Time:          0.68667
Trial Time:          0.68762
Trial Time:          0.68792
Trial Time:          0.68780
Trial Time:          0.68727
Trial Time:          0.68773
Trial Time:          0.68754
Trial Time:          0.68695
Trial Time:          0.68743
Trial Time:          0.68679
Trial Time:          0.68712
Trial Time:          0.68704
Trial Time:          0.68665
Trial Time:          0.68676
Trial Time:          0.68752
Trial Time:          0.68706
Trial Time:          0.68757
Trial Time:          0.68801
Trial Time:          0.68792
Trial Time:          0.68654
Trial Time:          0.68767
Trial Time:          0.68732
Trial Time:          0.68793
Trial Time:          0.68673
Trial Time:          0.68724
Trial Time:          0.68706
Trial Time:          0.68678
Trial Time:          0.68675
Trial Time:          0.68704
Trial Time:          0.68781
Trial Time:          0.68674
Trial Time:          0.68704
Trial Time:          0.68691
Trial Time:          0.68746
Trial Time:          0.68802
Trial Time:          0.68742
Trial Time:          0.68725
Trial Time:          0.68668
Trial Time:          0.68675
Trial Time:          0.68740
Trial Time:          0.68664
Trial Time:          0.68618
Trial Time:          0.68706
Trial Time:          0.68731
Trial Time:          0.68663
Trial Time:          0.68718
Trial Time:          0.68677
Trial Time:          0.68789
Trial Time:          0.68772
Trial Time:          0.68683
Trial Time:          0.68678
Trial Time:          0.68714
Trial Time:          0.68765
Trial Time:          0.68708
Trial Time:          0.68732
Trial Time:          0.68749
Trial Time:          0.68736
Trial Time:          0.68735
Trial Time:          0.68744
Trial Time:          0.68769
Trial Time:          0.68744
Trial Time:          0.68754
Trial Time:          0.68741
Trial Time:          0.68698
Trial Time:          0.68691
Trial Time:          0.68761
Trial Time:          0.68755
Trial Time:          0.68784
Trial Time:          0.68701
Trial Time:          0.68666
Trial Time:          0.68737
Trial Time:          0.68685
Trial Time:          0.68709
Trial Time:          0.68768
Trial Time:          0.68653
Trial Time:          0.68718
Trial Time:          0.68690
Trial Time:          0.68671
Trial Time:          0.68691
Trial Time:          0.68735
Trial Time:          0.68761
Trial Time:          0.68637
Trial Time:          0.68701
Trial Time:          0.68645
Trial Time:          0.68761
Trial Time:          0.68749
Trial Time:          0.68728
Trial Time:          0.68808
Trial Time:          0.68748
Trial Time:          0.68769
Trial Time:          0.68781
Trial Time:          0.68732
Trial Time:          0.68795
Trial Time:          0.68725
Trial Time:          0.68694
Trial Time:          0.68744
Trial Time:          0.68736
Trial Time:          0.68777
Trial Time:          0.68772
Trial Time:          0.68740
Trial Time:          0.68770
Trial Time:          0.68705
Trial Time:          0.68744
Trial Time:          0.68756
Trial Time:          0.68744
Trial Time:          0.68762
Trial Time:          0.68767
Trial Time:          0.68713
Trial Time:          0.68710
Trial Time:          0.68813
Trial Time:          0.68767
Trial Time:          0.68675
Trial Time:          0.68734
Trial Time:          0.68738
Trial Time:          0.68682
Trial Time:          0.68767
Trial Time:          0.68681
Trial Time:          0.68655
Trial Time:          0.68764
Trial Time:          0.68701
Trial Time:          0.68839
Trial Time:          0.68715
Trial Time:          0.68789
Trial Time:          0.68751
Trial Time:          0.68762
Trial Time:          0.68748
Trial Time:          0.68747
Trial Time:          0.68757
Trial Time:          0.68675
Trial Time:          0.68718
Trial Time:          0.68648
Trial Time:          0.68704
Trial Time:          0.68746
Trial Time:          0.68724
Trial Time:          0.68722
Trial Time:          0.68706
Trial Time:          0.68792
Trial Time:          0.68767
Trial Time:          0.68721
Trial Time:          0.68687
Trial Time:          0.68711
Trial Time:          0.69126
Trial Time:          0.69462
Trial Time:          0.69743
Trial Time:          0.69855
Trial Time:          0.69816
Trial Time:          0.69856
Trial Time:          0.69820
Trial Time:          0.69781
Trial Time:          0.69396
Trial Time:          0.69405
Trial Time:          0.69447
Trial Time:          0.69418
Trial Time:          0.69427
Trial Time:          0.69358
Trial Time:          0.69577
Trial Time:          0.69395
Trial Time:          0.69514
Trial Time:          0.69474
Trial Time:          0.69555
Trial Time:          0.69471
Trial Time:          0.69495
Trial Time:          0.69526
Trial Time:          0.69444
Trial Time:          0.69507
Trial Time:          0.69448
Trial Time:          0.69474
Trial Time:          0.69447
Trial Time:          0.69395
Trial Time:          0.69422
Trial Time:          0.69438
Trial Time:          0.69432
Trial Time:          0.69435
Trial Time:          0.69430
Trial Time:          0.69487
Trial Time:          0.69485
Trial Time:          0.69444
Trial Time:          0.69394
Trial Time:          0.69449
Trial Time:          0.69486
Trial Time:          0.69467
Trial Time:          0.69729
Trial Time:          0.70013
Trial Time:          0.69651
Trial Time:          0.69480
Trial Time:          0.69454
Trial Time:          0.69466
Trial Time:          0.69481
Trial Time:          0.69549
Trial Time:          0.69516
Trial Time:          0.69445
Trial Time:          0.69466
Trial Time:          0.69396
Trial Time:          0.69430
Trial Time:          0.69419
Trial Time:          0.69452
Trial Time:          0.69480
Trial Time:          0.69406
Trial Time:          0.69579
Trial Time:          0.69510
Trial Time:          0.69427
Trial Time:          0.69507
Trial Time:          0.69482
Trial Time:          0.69491
Trial Time:          0.69418
Trial Time:          0.69503
Trial Time:          0.69409
Trial Time:          0.69425
Trial Time:          0.69468
Trial Time:          0.69379
Trial Time:          0.69481
Trial Time:          0.69399
Trial Time:          0.69482
Trial Time:          0.69390
Trial Time:          0.69450
Trial Time:          0.69402
Trial Time:          0.69432
Trial Time:          0.69377
Trial Time:          0.69369
Trial Time:          0.69490
Trial Time:          0.69510
Trial Time:          0.69480
Trial Time:          0.69431
Trial Time:          0.69445
Trial Time:          0.69406
Trial Time:          0.69374
Trial Time:          0.69438
Trial Time:          0.69412
Trial Time:          0.69440
Trial Time:          0.69017
Trial Time:          0.69354
Trial Time:          0.72123
Trial Time:          0.72189
Trial Time:          0.72351
Trial Time:          0.72285
Trial Time:          0.72357
Trial Time:          0.72216
Trial Time:          0.72239
Trial Time:          0.72298
Trial Time:          0.72450
Trial Time:          0.72463
Trial Time:          0.72382
Trial Time:          0.72375
Trial Time:          0.72522
Trial Time:          0.72391
Trial Time:          0.72517
Trial Time:          0.72458
Trial Time:          0.72645
Trial Time:          0.72641
Trial Time:          0.72519
Trial Time:          0.72409
Trial Time:          0.72267
Trial Time:          0.72210
Trial Time:          0.72213
Trial Time:          0.72155
Trial Time:          0.72168
Trial Time:          0.72507
Trial Time:          0.72167
Trial Time:          0.72362
Trial Time:          0.72200
Trial Time:          0.72260
Trial Time:          0.72570
Trial Time:          0.72473
Trial Time:          0.72458
Trial Time:          0.72543
Trial Time:          0.72216
Trial Time:          0.72197
Trial Time:          0.72176
Trial Time:          0.72159
Trial Time:          0.72295
Trial Time:          0.72473
Trial Time:          0.72244
Trial Time:          0.72127
Trial Time:          0.72196
Trial Time:          0.72180
Trial Time:          0.72120
Trial Time:          0.72276
Trial Time:          0.72081
Trial Time:          0.72249
Trial Time:          0.72167
Trial Time:          0.72403
Trial Time:          0.72516
Trial Time:          0.72185
Trial Time:          0.72250
Trial Time:          0.72059
Trial Time:          0.72098
Trial Time:          0.72221
Trial Time:          0.72211
Trial Time:          0.72309
Trial Time:          0.72421
Trial Time:          0.72135
Trial Time:          0.72099
Trial Time:          0.72073
Trial Time:          0.72365
Trial Time:          0.72270
Trial Time:          0.72312
Trial Time:          0.72423
Trial Time:          0.72276
Trial Time:          0.72309
Trial Time:          0.72059
Trial Time:          0.72104
Trial Time:          0.72139
Trial Time:          0.72251
Trial Time:          0.72093
Trial Time:          0.72483
Trial Time:          0.72361
Trial Time:          0.72289
Trial Time:          0.72209
Trial Time:          0.72085
Trial Time:          0.72290
Trial Time:          0.72426
Trial Time:          0.72414
Trial Time:          0.72408
Trial Time:          0.72447
Trial Time:          0.72244
Trial Time:          0.72346
Trial Time:          0.72370
Trial Time:          0.72251
Trial Time:          0.72508
Trial Time:          0.72571
Trial Time:          0.72368
Trial Time:          0.72475
Trial Time:          0.72164
Trial Time:          0.72074
Trial Time:          0.72514
Trial Time:          0.72418
Trial Time:  