Generate Time:       5.54629
Build Time:          4.30458
Graph has 4194302 nodes and 64155725 undirected edges for degree: 15
Trial Time:          0.69113
Trial Time:          0.68821
Trial Time:          0.68829
Trial Time:          0.68796
Trial Time:          0.68842
Trial Time:          0.68794
Trial Time:          0.68779
Trial Time:          0.68850
Trial Time:          0.68759
Trial Time:          0.68823
Trial Time:          0.68881
Trial Time:          0.68886
Trial Time:          0.68781
Trial Time:          0.68691
Trial Time:          0.68835
Trial Time:          0.68823
Trial Time:          0.68810
Trial Time:          0.68802
Trial Time:          0.68849
Trial Time:          0.68878
Trial Time:          0.68795
Trial Time:          0.68859
Trial Time:          0.68786
Trial Time:          0.68758
Trial Time:          0.68861
Trial Time:          0.68857
Trial Time:          0.68844
Trial Time:          0.68800
Trial Time:          0.68820
Trial Time:          0.68768
Trial Time:          0.68757
Trial Time:          0.68798
Trial Time:          0.68765
Trial Time:          0.68790
Trial Time:          0.68830
Trial Time:          0.68844
Trial Time:          0.68865
Trial Time:          0.68835
Trial Time:          0.68817
Trial Time:          0.68845
Trial Time:          0.68817
Trial Time:          0.68788
Trial Time:          0.68771
Trial Time:          0.68834
Trial Time:          0.68856
Trial Time:          0.68835
Trial Time:          0.68876
Trial Time:          0.68757
Trial Time:          0.68843
Trial Time:          0.68807
Trial Time:          0.68877
Trial Time:          0.68914
Trial Time:          0.68875
Trial Time:          0.68929
Trial Time:          0.68808
Trial Time:          0.68876
Trial Time:          0.68739
Trial Time:          0.68847
Trial Time:          0.68771
Trial Time:          0.68798
Trial Time:          0.68846
Trial Time:          0.68807
Trial Time:          0.68877
Trial Time:          0.68854
Trial Time:          0.68806
Trial Time:          0.68923
Trial Time:          0.68823
Trial Time:          0.68868
Trial Time:          0.68808
Trial Time:          0.68847
Trial Time:          0.68813
Trial Time:          0.68842
Trial Time:          0.68817
Trial Time:          0.68923
Trial Time:          0.68908
Trial Time:          0.68877
Trial Time:          0.68831
Trial Time:          0.68768
Trial Time:          0.68861
Trial Time:          0.68825
Trial Time:          0.68881
Trial Time:          0.68789
Trial Time:          0.68788
Trial Time:          0.68802
Trial Time:          0.68812
Trial Time:          0.68818
Trial Time:          0.68856
Trial Time:          0.68890
Trial Time:          0.68878
Trial Time:          0.68830
Trial Time:          0.68803
Trial Time:          0.68788
Trial Time:          0.68868
Trial Time:          0.68956
Trial Time:          0.68873
Trial Time:          0.68822
Trial Time:          0.68849
Trial Time:          0.68865
Trial Time:          0.68880
Trial Time:          0.68870
Trial Time:          0.68812
Trial Time:          0.68864
Trial Time:          0.68876
Trial Time:          0.68860
Trial Time:          0.68938
Trial Time:          0.68822
Trial Time:          0.68869
Trial Time:          0.68815
Trial Time:          0.68908
Trial Time:          0.68818
Trial Time:          0.68883
Trial Time:          0.68868
Trial Time:          0.68799
Trial Time:          0.68896
Trial Time:          0.68855
Trial Time:          0.68897
Trial Time:          0.68838
Trial Time:          0.68849
Trial Time:          0.68835
Trial Time:          0.68819
Trial Time:          0.68800
Trial Time:          0.68879
Trial Time:          0.68828
Trial Time:          0.68814
Trial Time:          0.68849
Trial Time:          0.68876
Trial Time:          0.68825
Trial Time:          0.68830
Trial Time:          0.68831
Trial Time:          0.68909
Trial Time:          0.68954
Trial Time:          0.68898
Trial Time:          0.68890
Trial Time:          0.68885
Trial Time:          0.68836
Trial Time:          0.68801
Trial Time:          0.68818
Trial Time:          0.68867
Trial Time:          0.68879
Trial Time:          0.68848
Trial Time:          0.68954
Trial Time:          0.68833
Trial Time:          0.68881
Trial Time:          0.68853
Trial Time:          0.68931
Trial Time:          0.68876
Trial Time:          0.68788
Trial Time:          0.68832
Trial Time:          0.68854
Trial Time:          0.68869
Trial Time:          0.68882
Trial Time:          0.68819
Trial Time:          0.68944
Trial Time:          0.68827
Trial Time:          0.68839
Trial Time:          0.68778
Trial Time:          0.68812
Trial Time:          0.68816
Trial Time:          0.68844
Trial Time:          0.68906
Trial Time:          0.68818
Trial Time:          0.68816
Trial Time:          0.68843
Trial Time:          0.68867
Trial Time:          0.68880
Trial Time:          0.68843
Trial Time:          0.68863
Trial Time:          0.68766
Trial Time:          0.68856
Trial Time:          0.68816
Trial Time:          0.68770
Trial Time:          0.68792
Trial Time:          0.68903
Trial Time:          0.68930
Trial Time:          0.68884
Trial Time:          0.68903
Trial Time:          0.68824
Trial Time:          0.68810
Trial Time:          0.68856
Trial Time:          0.68891
Trial Time:          0.68873
Trial Time:          0.68846
Trial Time:          0.68906
Trial Time:          0.68831
Trial Time:          0.68844
Trial Time:          0.68885
Trial Time:          0.68856
Trial Time:          0.68813
Trial Time:          0.68852
Trial Time:          0.68854
Trial Time:          0.68858
Trial Time:          0.68878
Trial Time:          0.68868
Trial Time:          0.68833
Trial Time:          0.68812
Trial Time:          0.69000
Trial Time:          0.68920
Trial Time:          0.68906
Trial Time:          0.68884
Trial Time:          0.68827
Trial Time:          0.68852
Trial Time:          0.68844
Trial Time:          0.68831
Trial Time:          0.68854
Trial Time:          0.68912
Trial Time:          0.68882
Trial Time:          0.68828
Trial Time:          0.68798
Trial Time:          0.68825
Trial Time:          0.68874
Trial Time:          0.68867
Trial Time:          0.68860
Trial Time:          0.68953
Trial Time:          0.68879
Trial Time:          0.68898
Trial Time:          0.68860
Trial Time:          0.68894
Trial Time:          0.68900
Trial Time:          0.68861
Trial Time:          0.68889
Trial Time:          0.68858
Trial Time:          0.68830
Trial Time:          0.68829
Trial Time:          0.68954
Trial Time:          0.68895
Trial Time:          0.68881
Trial Time:          0.68923
Trial Time:          0.68886
Trial Time:          0.68831
Trial Time:          0.68821
Trial Time:          0.68963
Trial Time:          0.68913
Trial Time:          0.68835
Trial Time:          0.68809
Trial Time:          0.68846
Trial Time:          0.68821
Trial Time:          0.68840
Trial Time:          0.68876
Trial Time:          0.68885
Trial Time:          0.68884
Trial Time:          0.68840
Trial Time:          0.68842
Trial Time:          0.68849
Trial Time:          0.68837
Trial Time:          0.68894
Trial Time:          0.68800
Trial Time:          0.68900
Trial Time:          0.68940
Trial Time:          0.68877
Trial Time:          0.68878
Trial Time:          0.68922
Trial Time:          0.68824
Trial Time:          0.68876
Trial Time:          0.68818
Trial Time:          0.68809
Trial Time:          0.68845
Trial Time:          0.68869
Trial Time:          0.68899
Trial Time:          0.68843
Trial Time:          0.68830
Trial Time:          0.68877
Trial Time:          0.68923
Trial Time:          0.68895
Trial Time:          0.68849
Trial Time:          0.68900
Trial Time:          0.68923
Trial Time:          0.68877
Trial Time:          0.68895
Trial Time:          0.68855
Trial Time:          0.68862
Trial Time:          0.68866
Trial Time:          0.68871
Trial Time:          0.68845
Trial Time:          0.68852
Trial Time:          0.68854
Trial Time:          0.68896
Trial Time:          0.68881
Trial Time:          0.68913
Trial Time:          0.68874
Trial Time:          0.68823
Trial Time:          0.68831
Trial Time:          0.68843
Trial Time:          0.68843
Trial Time:          0.68850
Trial Time:          0.68845
Trial Time:          0.68848
Trial Time:          0.68852
Trial Time:          0.68829
Trial Time:          0.68893
Trial Time:          0.68870
Trial Time:          0.68846
Trial Time:          0.68825
Trial Time:          0.68832
Trial Time:          0.68860
Trial Time:          0.68889
Trial Time:          0.68891
Trial Time:          0.68842
Trial Time:          0.68898
Trial Time:          0.68830
Trial Time:          0.68851
Trial Time:          0.68861
Trial Time:          0.68818
Trial Time:          0.68921
Trial Time:          0.68917
Trial Time:          0.68936
Trial Time:          0.68871
Trial Time:          0.68931
Trial Time:          0.68826
Trial Time:          0.68897
Trial Time:          0.68832
Trial Time:          0.68878
Trial Time:          0.68834
Trial Time:          0.68855
Trial Time:          0.68894
Trial Time:          0.68808
Trial Time:          0.68833
Trial Time:          0.68800
Trial Time:          0.68890
Trial Time:          0.68883
Trial Time:          0.68862
Trial Time:          0.68892
Trial Time:          0.68904
Trial Time:          0.68824
Trial Time:          0.68881
Trial Time:          0.68955
Trial Time:          0.68843
Trial Time:          0.68930
Trial Time:          0.68830
Trial Time:          0.68891
Trial Time:          0.68860
Trial Time:          0.68866
Trial Time:          0.68850
Trial Time:          0.68806
Trial Time:          0.68893
Trial Time:          0.68800
Trial Time:          0.68842
Trial Time:          0.68833
Trial Time:          0.68864
Trial Time:          0.68883
Trial Time:          0.68828
Trial Time:          0.68884
Trial Time:          0.68832
Trial Time:          0.68864
Trial Time:          0.68836
Trial Time:          0.68909
Trial Time:          0.68897
Trial Time:          0.68888
Trial Time:          0.68867
Trial Time:          0.68952
Trial Time:          0.68888
Trial Time:          0.68851
Trial Time:          0.68881
Trial Time:          0.68857
Trial Time:          0.68822
Trial Time:          0.68858
Trial Time:          0.68862
Trial Time:          0.68808
Trial Time:          0.68841
Trial Time:          0.68844
Trial Time:          0.68898
Trial Time:          0.68865
Trial Time:          0.68833
Trial Time:          0.68792
Trial Time:          0.68890
Trial Time:          0.68907
Trial Time:          0.68892
Trial Time:          0.68808
Trial Time:          0.68851
Trial Time:          0.68846
Trial Time:          0.68852
Trial Time:          0.68814
Trial Time:          0.68858
Trial Time:          0.68843
Trial Time:          0.68867
Trial Time:          0.68834
Trial Time:          0.68842
Trial Time:          0.68911
Trial Time:          0.68809
Trial Time:          0.68864
Trial Time:          0.68902
Trial Time:          0.68879
Trial Time:          0.68896
Trial Time:          0.68825
Trial Time:          0.68823
Trial Time:          0.68834
Trial Time:          0.68831
Trial Time:          0.68889
Trial Time:          0.68816
Trial Time:          0.68874
Trial Time:          0.68841
Trial Time:          0.68869
Trial Time:          0.68921
Trial Time:          0.68812
Trial Time:          0.68793
Trial Time:          0.68854
Trial Time:          0.68820
Trial Time:          0.68889
Trial Time:          0.68912
Trial Time:          0.68896
Trial Time:          0.68828
Trial Time:          0.68879
Trial Time:          0.68887
Trial Time:          0.68907
Trial Time:          0.68853
Trial Time:          0.68862
Trial Time:          0.68895
Trial Time:          0.68902
Trial Time:          0.68852
Trial Time:          0.68887
Trial Time:          0.68929
Trial Time:          0.68825
Trial Time:          0.68887
Trial Time:          0.68876
Trial Time:          0.68881
Trial Time:          0.68843
Trial Time:          0.68835
Trial Time:          0.68953
Trial Time:          0.68893
Trial Time:          0.68819
Trial Time:          0.68869
Trial Time:          0.68826
Trial Time:          0.68845
Trial Time:          0.68896
Trial Time:          0.68903
Trial Time:          0.68858
Trial Time:          0.68862
Trial Time:          0.68818
Trial Time:          0.68868
Trial Time:          0.68877
Trial Time:          0.68851
Trial Time:          0.68828
Trial Time:          0.68852
Trial Time:          0.68855
Trial Time:          0.68826
Trial Time:          0.68933
Trial Time:          0.68889
Trial Time:          0.68851
Trial Time:          0.68847
Trial Time:          0.68857
Trial Time:          0.68857
Trial Time:          0.68868
Trial Time:          0.68842
Trial Time:          0.68811
Trial Time:          0.68849
Trial Time:          0.68885
Trial Time:          0.68820
Trial Time:          0.68811
Trial Time:          0.68832
Trial Time:          0.68853
Trial Time:          0.68806
Trial Time:          0.68910
Trial Time:          0.68837
Trial Time:          0.68909
Trial Time:          0.68849
Trial Time:          0.68831
Trial Time:          0.68864
Trial Time:          0.68863
Trial Time:          0.68884
Trial Time:          0.68863
Trial Time:          0.68904
Trial Time:          0.68872
Trial Time:          0.68797
Trial Time:          0.68889
Trial Time:          0.68846
Trial Time:          0.68834
Trial Time:          0.68839
Trial Time:          0.68885
Trial Time:          0.68810
Trial Time:          0.68788
Trial Time:          0.68936
Trial Time:          0.68777
Trial Time:          0.68839
Trial Time:          0.68822
Trial Time:          0.68833
Trial Time:          0.68851
Trial Time:          0.68838
Trial Time:          0.68822
Trial Time:          0.68847
Trial Time:          0.68876
Trial Time:          0.68847
Trial Time:          0.68845
Trial Time:          0.68830
Trial Time:          0.68822
Trial Time:          0.68810
Trial Time:          0.68854
Trial Time:          0.68853
Trial Time:          0.68886
Trial Time:          0.68878
Trial Time:          0.68858
Trial Time:          0.68833
Trial Time:          0.68793
Trial Time:          0.68812
Trial Time:          0.68858
Trial Time:          0.68850
Trial Time:          0.68865
Trial Time:          0.68875
Trial Time:          0.68926
Trial Time:          0.68850
Trial Time:          0.68891
Trial Time:          0.68905
Trial Time:          0.68881
Trial Time:          0.68842
Trial Time:          0.68878
Trial Time:          0.68863
Trial Time:          0.68902
Trial Time:          0.68819
Trial Time:          0.68826
Trial Time:          0.68832
Trial Time:          0.68804
Trial Time:          0.68822
Trial Time:          0.68873
Trial Time:          0.68812
Trial Time:          0.68849
Trial Time:          0.68842
Trial Time:          0.68873
Trial Time:          0.68826
Trial Time:          0.68863
Trial Time:          0.68896
Trial Time:          0.68786
Trial Time:          0.68859
Trial Time:          0.68877
Trial Time:          0.68825
Trial Time:          0.68847
Trial Time:          0.68797
Trial Time:          0.68841
Trial Time:          0.68836
Trial Time:          0.68843
Trial Time:          0.68897
Trial Time:          0.68907
Trial Time:          0.68923
Trial Time:          0.68856
Trial Time:          0.68856
Trial Time:          0.68902
Trial Time:          0.68912
Trial Time:          0.68890
Trial Time:          0.68872
Trial Time:          0.68842
Trial Time:          0.68895
Trial Time:          0.68893
Trial Time:          0.68949
Trial Time:          0.68933
Trial Time:          0.68900
Trial Time:          0.68875
Trial Time:          0.68813
Trial Time:          0.68819
Trial Time:          0.68837
Trial Time:          0.68800
Trial Time:          0.68812
Trial Time:          0.68809
Trial Time:          0.68833
Trial Time:          0.68942
Trial Time:          0.68919
Trial Time:          0.68866
Trial Time:          0.68819
Trial Time:          0.68842
Trial Time:          0.68878
Trial Time:          0.68913
Trial Time:          0.68857
Trial Time:          0.68872
Trial Time:          0.68882
Trial Time:          0.68904
Trial Time:          0.68963
Trial Time:          0.68854
Trial Time:          0.68848
Trial Time:          0.68880
Trial Time:          0.68901
Trial Time:          0.68839
Trial Time:          0.68855
Trial Time:          0.68878
Trial Time:          0.68895
Trial Time:          0.68850
Trial Time:          0.68839
Trial Time:          0.68822
Trial Time:          0.68847
Trial Time:          0.68864
Trial Time:          0.68846
Trial Time:          0.68800
Trial Time:          0.68829
Trial Time:          0.68824
Trial Time:          0.68870
Trial Time:          0.68800
Trial Time:          0.68832
Trial Time:          0.68889
Trial Time:          0.68929
Trial Time:          0.68840
Trial Time:          0.68796
Trial Time:          0.68932
Trial Time:          0.68849
Trial Time:          0.68851
Trial Time:          0.68908
Trial Time:          0.68869
Trial Time:          0.68880
Trial Time:          0.68883
Trial Time:          0.68867
Trial Time:          0.68884
Trial Time:          0.68875
Trial Time:          0.68909
Trial Time:          0.68839
Trial Time:          0.68832
Trial Time:          0.68834
Trial Time:          0.68890
Trial Time:          0.68931
Trial Time:          0.68872
Trial Time:          0.68839
Trial Time:          0.68855
Trial Time:          0.68812
Trial Time:          0.68808
Trial Time:          0.68887
Trial Time:          0.68861
Trial Time:          0.68894
Trial Time:          0.68877
Trial Time:          0.68843
Trial Time:          0.68817
Trial Time:          0.68822
Trial Time:          0.68847
Trial Time:          0.68830
Trial Time:          0.68853
Trial Time:          0.68837
Trial Time:          0.68808
Trial Time:          0.68872
Trial Time:          0.68892
Trial Time:          0.68877
Trial Time:          0.68848
Trial Time:          0.68809
Trial Time:          0.68887
Trial Time:          0.68885
Trial Time:          0.68899
Trial Time:          0.68841
Trial Time:          0.68838
Trial Time:          0.68838
Trial Time:          0.68861
Trial Time:          0.68919
Trial Time:          0.68872
Trial Time:          0.68864
Trial Time:          0.68887
Trial Time:          0.68845
Trial Time:          0.68797
Trial Time:          0.68898
Trial Time:          0.68874
Trial Time:          0.68840
Trial Time:          0.68826
Trial Time:          0.68891
Trial Time:          0.68841
Trial Time:          0.68786
Trial Time:          0.68877
Trial Time:          0.68864
Trial Time:          0.68805
Trial Time:          0.68818
Trial Time:          0.68860
Trial Time:          0.68803
Trial Time:          0.68781
Trial Time:          0.68833
Trial Time:          0.68800
Trial Time:          0.68806
Trial Time:          0.68809
Trial Time:          0.68877
Trial Time:          0.68868
Trial Time:          0.68831
Trial Time:          0.68840
Trial Time:          0.68886
Trial Time:          0.68881
Trial Time:          0.69615
Trial Time:          0.69538
Trial Time:          0.69573
Trial Time:          0.69600
Trial Time:          0.69542
Trial Time:          0.69567
Trial Time:          0.69539
Trial Time:          0.69527
Trial Time:          0.69557
Trial Time:          0.69541
Trial Time:          0.69534
Trial Time:          0.69616
Trial Time:          0.69530
Trial Time:          0.69576
Trial Time:          0.69596
Trial Time:          0.69556
Trial Time:          0.69525
Trial Time:          0.69593
Trial Time:          0.69516
Trial Time:          0.69534
Trial Time:          0.69560
Trial Time:          0.69540
Trial Time:          0.69506
Trial Time:          0.69571
Trial Time:          0.69551
Trial Time:          0.69549
Trial Time:          0.69601
Trial Time:          0.69511
Trial Time:          0.69600
Trial Time:          0.69560
Trial Time:          0.69603
Trial Time:          0.69602
Trial Time:          0.69618
Trial Time:          0.69628
Trial Time:          0.69530
Trial Time:          0.69591
Trial Time:          0.69515
Trial Time:          0.69609
Trial Time:          0.69568
Trial Time:          0.69582
Trial Time:          0.69578
Trial Time:          0.69596
Trial Time:          0.69519
Trial Time:          0.69537
Trial Time:          0.69520
Trial Time:          0.69455
Trial Time:          0.69532
Trial Time:          0.69571
Trial Time:          0.69550
Trial Time:          0.69535
Trial Time:          0.69497
Trial Time:          0.69550
Trial Time:          0.69548
Trial Time:          0.69567
Trial Time:          0.69558
Trial Time:          0.69613
Trial Time:          0.69605
Trial Time:          0.69608
Trial Time:          0.69560
Trial Time:          0.69579
Trial Time:          0.69542
Trial Time:          0.69639
Trial Time:          0.69577
Trial Time:          0.69618
Trial Time:          0.69587
Trial Time:          0.69550
Trial Time:          0.69561
Trial Time:          0.69534
Trial Time:          0.69492
Trial Time:          0.69601
Trial Time:          0.69538
Trial Time:          0.69634
Trial Time:          0.69585
Trial Time:          0.69538
Trial Time:          0.69586
Trial Time:          0.69579
Trial Time:          0.69578
Trial Time:          0.69599
Trial Time:          0.69558
Trial Time:          0.69562
Trial Time:          0.69624
Trial Time:          0.69549
Trial Time:          0.69562
Trial Time:          0.69480
Trial Time:          0.69530
Trial Time:          0.69606
Trial Time:          0.69543
Trial Time:          0.69594
Trial Time:          0.68889
Trial Time:          0.70777
Trial Time:          0.72276
Trial Time:          0.72374
Trial Time:          0.72666
Trial Time:          0.72706
Trial Time:          0.72393
Trial Time:          0.72550
Trial Time:          0.72434
Trial Time:          0.72261
Trial Time:          0.72442
Trial Time:          0.72431
Trial Time:          0.72294
Trial Time:          0.72227
Trial Time:          0.72220
Trial Time:          0.72380
Trial Time:          0.72379
Trial Time:          0.72567
Trial Time:          0.72536
Trial Time:          0.72559
Trial Time:          0.72475
Trial Time:          0.72302
Trial Time:          0.72470
Trial Time:          0.72720
Trial Time:          0.72561
Trial Time:          0.72596
Trial Time:          0.72459
Trial Time:          0.72576
Trial Time:          0.72665
Trial Time:          0.72571
Trial Time:          0.72738
Trial Time:          0.72767
Trial Time:          0.72856
Trial Time:          0.72712
Trial Time:          0.72635
Trial Time:          0.72487
Trial Time:          0.72275
Trial Time:          0.72423
Trial Time:          0.72248
Trial Time:          0.72282
Trial Time:          0.72681
Trial Time:          0.72404
Trial Time:          0.72596
Trial Time:          0.72447
Trial Time:          0.72343
Trial Time:          0.72805
Trial Time:          0.72613
Trial Time:          0.72559
Trial Time:          0.72669
Trial Time:          0.72625
Trial Time:          0.72321
Trial Time:          0.72475
Trial Time:          0.72261
Trial Time:          0.72226
Trial Time:          0.72675
Trial Time:          0.72319
Trial Time:          0.72382
Trial Time:          0.72227
Trial Time:          0.72316
Trial Time:          0.72205
Trial Time:          0.72340
Trial Time:          0.72262
Trial Time:          0.72287
Trial Time:          0.72317
Trial Time:          0.72430
Trial Time:          0.72741
Trial Time:          0.72471
Trial Time:          0.72453
Trial Time:          0.72336
Trial Time:          0.72210
Trial Time:          0.72357
Trial Time:          0.72408
Trial Time:          0.72651
Trial Time:          0.72566
Trial Time:          0.72348
Trial Time:          0.72215
Trial Time:          0.72241
Trial Time:          0.72627
Trial Time:          0.72489
Trial Time:          0.72427
Trial Time:          0.72610
Trial Time:          0.72616
Trial Time:          0.72551
Trial Time:          0.72239
Trial Time:          0.72264
Trial Time:          0.72341
Trial Time:          0.72434
Trial Time:          0.72327
Trial Time:          0.72567
Trial Time:          0.72555
Trial Time:          0.72521
Trial Time:          0.72464
Trial Time:          0.72266
Trial Time:          0.72444
Trial Time:          0.72746
Trial Time:          0.72677
Trial Time:          0.72605
Trial Time:          0.72790
Trial Time:          0.72383
Trial Time:          0.72545
Trial Time:          0.72573
Trial Time:          0.72503
Trial Time:          0.72673
Trial Time:          0.72688
Trial Time:          0.72455
Trial Time:          0.72730
Trial Time:          0.72436
Trial Time:          0.72184
Trial Time:          0.72635
Trial Time:          0.72639
Trial Time:          0.72604
Trial Time:          0.72344
Trial Time:          0.72384
Trial Time:          0.72551
Trial Time:          0.72409
Trial Time:          0.72658
Trial Time:          0.72639
Trial Time:          0.72565
Trial Time:          0.72679
Trial Time:          0.72555
Trial Time:          0.72302
Trial Time:          0.72311
Trial Time:          0.72457
Trial Time:          0.72637
Trial Time:          0.72465
Trial Time:          0.72645
Trial Time:          0.72764
Trial Time:          0.72785
Trial Time:          0.72569
Trial Time:          0.72635
Trial Time:          0.72477
Trial Time:          0.72465
Trial Time:          0.72339
Trial Time:          0.72604
Trial Time:          0.71998
Trial Time:          0.71950
Trial Time:          0.71838
Trial Time:          0.71654
Trial Time:          0.71516
Trial Time:          0.71499
Trial Time:          0.71832
Trial Time:          0.71706
Trial Time:          0.71772
Trial Time:          0.71742
Trial Time:          0.71579
Trial Time:          0.71935
Trial Time:          0.71742
Trial Time:          0.71607
Trial Time:          0.71528
Trial Time:          0.71605
Trial Time:          0.71554
Trial Time:          0.71565
Trial Time:          0.71675
Trial Time:          0.71880
Trial Time:          0.71853
Trial Time:          0.71807
Trial Time:          0.71975
Trial Time:          0.73615
Trial Time:          0.79022
Trial Time:          0.78938
Trial Time:          0.73478
Trial Time:          0.71889
Trial Time:          0.71913
Trial Time:          0.71861
Trial Time:          0.71701
Trial Time:          0.71641
Trial Time:          0.71911
Trial Time:          0.72001
Trial Time:          0.71626
Trial Time:          0.71711
Trial Time:          0.71976
Trial Time:          0.71791
Trial Time:          0.71659
Trial Time:          0.71686
Trial Time:          0.71589
Trial Time:          0.71590
Trial Time:          0.71782
Trial Time:          0.71660
Trial Time:          0.71829
Trial Time:          0.71697
Trial Time:          0.71733
Trial Time:          0.71728
Trial Time:          0.71932
Trial Time:          0.71811
Trial Time:          0.71857
Trial Time:          0.71505
Trial Time:          0.71613
Trial Time:          0.71626
Trial Time:          0.73041
Trial Time:          0.73118
Trial Time:          0.77124
Trial Time:          1.07475
Trial Time:          0.86556
Trial Time:          1.16645
Trial Time:          1.01613
Trial Time:          0.75256
Trial Time:          0.75341
Trial Time:          0.86404
Trial Time:          0.80915
Trial Time:          0.72115
Trial Time:          0.71716
Trial Time:          1.05274
Trial Time:          0.86314
Trial Time:          0.84948
Trial Time:          0.80976
Trial Time:          0.77505
Trial Time:          0.73436
Trial Time:          1.08598
Trial Time:          0.84609
Trial Time:          0.91765
Trial Time:          1.12049
Trial Time:          1.13020
Trial Time:          0.78983
Trial Time:          0.78783
Trial Time:          0.95056
Trial Time:          0.92744
Trial Time:          0.76518
Trial Time:          0.71665
Trial Time:          1.08628
Trial Time:          0.71277
Trial Time:          0.71881
Trial Time:          0.76522
Trial Time:          0.89868
Trial Time:          0.71707
Trial Time:          0.71559
Trial Time:          0.75659
Trial Time:          0.85167
Trial Time:          0.93443
Trial Time:          0.93223
Trial Time:          0.75501
Trial Time:          1.01684
Trial Time:          0.80616
Trial Time:          0.89642
Trial Time:          0.92701
Trial Time:          0.75410
Trial Time:          0.75425
Trial Time:          0.73545
Trial Time:          0.78365
Trial Time:          0.82273
Trial Time:          0.78714
Trial Time:          0.84744
Trial Time:          0.91544
Trial Time:          0.76683
Trial Time:          0.72061
Trial Time:          0.71874
Trial Time:          0.71451
Trial Time:          0.95715
Trial Time:          0.84288
Trial Time:          0.75950
Trial Time:          0.84709
Trial Time:          0.92887
Trial Time:          0.73323
Trial Time:          1.00319
Trial Time:          1.14796
Trial Time:          1.12354
Trial Time:          0.84882
Trial Time:          0.73330
Trial Time:          0.76945
Trial Time:          0.93660
Trial Time:          1.15335
Trial Time:          0.99101
Trial Time:          0.94283
Trial Time:          1.04769
Trial Time:          0.89539
Trial Time:          0.84447
Trial Time:          0.84317
Trial Time:          0.84743
Trial Time:          0.74973
Trial Time:          0.78725
Trial Time:          0.80932
Trial Time:          0.72230
Trial Time:          0.78071
Trial Time:          0.78762
Trial Time:          0.89691
Trial Time:          1.00469
Trial Time:          0.82438
Trial Time:          0.79212
Trial Time:          0.94296
Trial Time:          0.84625
Trial Time:          1.05831
Trial Time:          0.79986
Trial Time:          0.73197
Trial Time:          0.72243
Trial Time:          0.78964
Trial Time:          0.78345
Trial Time:          0.74810
Trial Time:          0.78376
Trial Time:          1.02571
Trial Time:          0.73348
Trial Time:          0.71446
Trial Time:          0.71361
Trial Time:          0.71533
Trial Time:          0.73566
Trial Time:          0.77329
Trial Time:          0.75086
Trial Time:          0.71862
Trial Time:          0.84744
Trial Time:          0.92779
Trial Time:          0.75731
Trial Time:          0.88874
Trial Time:          0.95358
Trial Time:          0.82225
Trial Time:          0.89644
Trial Time:          0.73409
Trial Time:          0.73329
Trial Time:          0.82062
Trial Time:          0.92984
Trial Time:          0.90267
Trial Time:          0.83797
Trial Time:          0.84699
Trial Time:          1.09602
Trial Time:          0.79015
Trial Time:          0.73078
Trial Time:          0.72538
Trial Time:          0.75272
Trial Time:          0.71755
Trial Time:          0.84772
Trial Time:          0.92964
Trial Time:          0.84002
Trial Time:          0.74437
Trial Time:          0.84934
Trial Time:          0.73053
Trial Time:          0.75789
Trial Time:          0.80002
Trial Time:          0.84446
Trial Time:          0.94213
Trial Time:          0.94543
Trial Time:          0.72365
Trial Time:          0.92802
Trial Time:          0.95337
Trial Time:          0.80405
Trial Time:          0.74831
Trial Time:          0.71636
Trial Time:          0.74406
Trial Time:          0.73972
Trial Time:          0.71710
Trial Time:          0.72178
Trial Time:          0.84865
Trial Time:          0.83827
Trial Time:          0.75061
Trial Time:          0.73387
Trial Time:          1.08143
Trial Time:          0.76010
Trial Time:          0.86152
Trial Time:          0.83462
Trial Time:          0.77024
Trial Time:          0.84180
Trial Time:          0.73444
Trial Time:          0.76803
Trial Time:          0.78888
Trial Time:          0.79823
Trial Time:          0.93533
Trial Time:          0.94519
Trial Time:          0.73459
Trial Time:          0.98119
Trial Time:          0.92968
Trial Time:          0.99717
Trial Time:          0.95001
Trial Time:          0.83894
Trial Time:          0.81608
Trial Time:          0.75538
Trial Time:          1.08799
Trial Time:          0.79124
Trial Time:          0.89736
Trial Time:          0.77384
Trial Time:          0.73429
Trial Time:          0.78681
Trial Time:          0.71511
Trial Time:          0.79436
Trial Time:          0.97096
Trial Time:          1.02829
Trial Time:          0.88516
Trial Time:          0.81055
Trial Time:          0.73479
Trial Time:          0.91708
Trial Time:          0.80269
Trial Time:          0.75569
Trial Time:          0.79570
Trial Time:          1.05442
Trial Time:          0.83037
Trial Time:          0.73363
Trial Time:          0.72461
Trial Time:          0.71982
Trial Time:          0.71309
Trial Time:          0.93353
Trial Time:          0.76857
Trial Time:          0.96736
Trial Time:          0.99898
Trial Time:          0.93021
Trial Time:          0.85600
Trial Time:          0.82250
Trial Time:          0.89579
Trial Time:          0.71450
Trial Time:          0.74680
Trial Time:          0.92252
Trial Time:          0.91193
Trial Time:          0.74136
Trial Time:          0.79179
Trial Time:          0.75534
Trial Time:          0.77281
Trial Time:          0.76450
Trial Time:          0.71777
Trial Time:          0.75091
Trial Time:          0.75432
Trial Time:          0.75486
Trial Time:          0.75451
Trial Time:          0.75447
Trial Time:          0.75560
Trial Time:          0.75500
Trial Time:          0.75409
Trial Time:          0.75514
Trial Time:          0.75557
Trial Time:          0.75524
Trial Time:          0.75441
Trial Time:          0.75463
Trial Time:          0.75444
Trial Time:          0.75463
Trial Time:          0.75493
Trial Time:          0.75501
Trial Time:          0.75374
Trial Time:          0.75417
Trial Time:          0.75420
Trial Time:          0.75376
Trial Time:          0.75525
Trial Time:          0.75508
Trial Time:          0.75453
Trial Time:          0.75460
Trial Time:          0.75503
Trial Time:          0.75462
Trial Time:          0.75453
Trial Time:          0.75415
Trial Time:          0.75431
Trial Time:          0.75539
Trial Time:          0.75449
Trial Time:          0.75380
Trial Time:          0.75505
Trial Time:          0.75466
Trial Time:          0.75473
Trial Time:          0.75432
Trial Time:          0.75441
Trial Time:          0.75435
Trial Time:          0.75390
Trial Time:          0.75473
Trial Time:          0.75476
Trial Time:          0.75529
Trial Time:          0.75502
Trial Time:          0.75478
Trial Time:          0.75487
Trial Time:          0.75484
Trial Time:          0.75516
Trial Time:          0.75519
Trial Time:          0.75464
Trial Time:          0.75538
Trial Time:          0.75380
Trial Time:          0.75439
Trial Time:          0.75503
Trial Time:          0.75516
Trial Time:          0.75546
Trial Time:          0.75583
Trial Time:          0.75531
Trial Time:          0.75453
Trial Time:          0.75534
Trial Time:          0.75457
Trial Time:          0.75545
Trial Time:          0.75544
Trial Time:          0.75504
Trial Time:          0.75605
Trial Time:          0.75521
Trial Time:          0.75526
Trial Time:          0.75484
Trial Time:          0.75462
Trial Time:          0.75487
Trial Time:          0.75441
Trial Time:          0.75478
Trial Time:          0.75483
Trial Time:          0.75493
Trial Time:          0.75429
Trial Time:          0.75372
Trial Time:          0.75353
Trial Time:          0.75341
Trial Time:          0.75482
Trial Time:          0.75438
Trial Time:          0.75458
Trial Time:          0.75585
Trial Time:          0.75474
Trial Time:          0.75469
Trial Time:          0.75445
Trial Time:          0.75539
Trial Time:          0.75516
Trial Time:          0.75418
Trial Time:          0.75510
Trial Time:          0.75526
Trial Time:          0.75429
Trial Time:          0.75436
Trial Time:          0.75460
Trial Time:          0.75443
Trial Time:          0.75582
Trial Time:          0.75508
Trial Time:          0.75511
Trial Time:          0.75465
Trial Time:          0.75501
Trial Time:          0.75518
Trial Time:          0.75439
Trial Time:          0.75444
Trial Time:          0.75486
Trial Time:          0.75413
Trial Time:          0.75489
Trial Time:          0.75438
Trial Time:          0.75518
Trial Time:          0.75450
Trial Time:          0.75482
Trial Time:          0.75478
Trial Time:          0.75470
Trial Time:          0.75432
Trial Time:          0.75426
Trial Time:          0.75421
Trial Time:          0.75510
Trial Time:          0.75568
Trial Time:          0.75430
Trial Time:          0.75448
Trial Time:          0.75444
Trial Time:          0.75542
Trial