Generate Time:       5.54594
Build Time:          4.13274
Graph has 4194302 nodes and 64155725 undirected edges for degree: 15
Trial Time:          0.68468
Trial Time:          0.68407
Trial Time:          0.68299
Trial Time:          0.68289
Trial Time:          0.68303
Trial Time:          0.68270
Trial Time:          0.68380
Trial Time:          0.68341
Trial Time:          0.68316
Trial Time:          0.68293
Trial Time:          0.68355
Trial Time:          0.68300
Trial Time:          0.68344
Trial Time:          0.68241
Trial Time:          0.68322
Trial Time:          0.68318
Trial Time:          0.68299
Trial Time:          0.68287
Trial Time:          0.68346
Trial Time:          0.68240
Trial Time:          0.68306
Trial Time:          0.68314
Trial Time:          0.68362
Trial Time:          0.68264
Trial Time:          0.68263
Trial Time:          0.68301
Trial Time:          0.68286
Trial Time:          0.68301
Trial Time:          0.68296
Trial Time:          0.68338
Trial Time:          0.68364
Trial Time:          0.68322
Trial Time:          0.68297
Trial Time:          0.68265
Trial Time:          0.68408
Trial Time:          0.68322
Trial Time:          0.68374
Trial Time:          0.68276
Trial Time:          0.68383
Trial Time:          0.68388
Trial Time:          0.68319
Trial Time:          0.68237
Trial Time:          0.68268
Trial Time:          0.68313
Trial Time:          0.68259
Trial Time:          0.68316
Trial Time:          0.68286
Trial Time:          0.68272
Trial Time:          0.68311
Trial Time:          0.68285
Trial Time:          0.68299
Trial Time:          0.68342
Trial Time:          0.68339
Trial Time:          0.68290
Trial Time:          0.68250
Trial Time:          0.68339
Trial Time:          0.68359
Trial Time:          0.68257
Trial Time:          0.68335
Trial Time:          0.68390
Trial Time:          0.68287
Trial Time:          0.68335
Trial Time:          0.68239
Trial Time:          0.68389
Trial Time:          0.68222
Trial Time:          0.68331
Trial Time:          0.68334
Trial Time:          0.68318
Trial Time:          0.68342
Trial Time:          0.68297
Trial Time:          0.68284
Trial Time:          0.68314
Trial Time:          0.68397
Trial Time:          0.68333
Trial Time:          0.68312
Trial Time:          0.68252
Trial Time:          0.68302
Trial Time:          0.68475
Trial Time:          0.68414
Trial Time:          0.68249
Trial Time:          0.68338
Trial Time:          0.68319
Trial Time:          0.68403
Trial Time:          0.68260
Trial Time:          0.68371
Trial Time:          0.68282
Trial Time:          0.68363
Trial Time:          0.68306
Trial Time:          0.68312
Trial Time:          0.68295
Trial Time:          0.68275
Trial Time:          0.68307
Trial Time:          0.68341
Trial Time:          0.68348
Trial Time:          0.68259
Trial Time:          0.68303
Trial Time:          0.68386
Trial Time:          0.68229
Trial Time:          0.68270
Trial Time:          0.68272
Trial Time:          0.68310
Trial Time:          0.68283
Trial Time:          0.68278
Trial Time:          0.68299
Trial Time:          0.68340
Trial Time:          0.68310
Trial Time:          0.68227
Trial Time:          0.68310
Trial Time:          0.68253
Trial Time:          0.68419
Trial Time:          0.68315
Trial Time:          0.68319
Trial Time:          0.68283
Trial Time:          0.68294
Trial Time:          0.68307
Trial Time:          0.68244
Trial Time:          0.68310
Trial Time:          0.68308
Trial Time:          0.68308
Trial Time:          0.68269
Trial Time:          0.68267
Trial Time:          0.68331
Trial Time:          0.68322
Trial Time:          0.68274
Trial Time:          0.68297
Trial Time:          0.68312
Trial Time:          0.68327
Trial Time:          0.68231
Trial Time:          0.68314
Trial Time:          0.68284
Trial Time:          0.68284
Trial Time:          0.68389
Trial Time:          0.68350
Trial Time:          0.68292
Trial Time:          0.68290
Trial Time:          0.68330
Trial Time:          0.68300
Trial Time:          0.68339
Trial Time:          0.68251
Trial Time:          0.68204
Trial Time:          0.68280
Trial Time:          0.68269
Trial Time:          0.68329
Trial Time:          0.68336
Trial Time:          0.68365
Trial Time:          0.68303
Trial Time:          0.68338
Trial Time:          0.68363
Trial Time:          0.68329
Trial Time:          0.68355
Trial Time:          0.68299
Trial Time:          0.68277
Trial Time:          0.68312
Trial Time:          0.68306
Trial Time:          0.68313
Trial Time:          0.68262
Trial Time:          0.68340
Trial Time:          0.68252
Trial Time:          0.68309
Trial Time:          0.68338
Trial Time:          0.68342
Trial Time:          0.68300
Trial Time:          0.68283
Trial Time:          0.68322
Trial Time:          0.68263
Trial Time:          0.68319
Trial Time:          0.68287
Trial Time:          0.68343
Trial Time:          0.68355
Trial Time:          0.68270
Trial Time:          0.68348
Trial Time:          0.68291
Trial Time:          0.68342
Trial Time:          0.68275
Trial Time:          0.68349
Trial Time:          0.68354
Trial Time:          0.68317
Trial Time:          0.68349
Trial Time:          0.68282
Trial Time:          0.68340
Trial Time:          0.68236
Trial Time:          0.68341
Trial Time:          0.68284
Trial Time:          0.68346
Trial Time:          0.68294
Trial Time:          0.68268
Trial Time:          0.68340
Trial Time:          0.68359
Trial Time:          0.68367
Trial Time:          0.68394
Trial Time:          0.68322
Trial Time:          0.68361
Trial Time:          0.68276
Trial Time:          0.68293
Trial Time:          0.68319
Trial Time:          0.68689
Trial Time:          0.68960
Trial Time:          0.69096
Trial Time:          0.69082
Trial Time:          0.69005
Trial Time:          0.69104
Trial Time:          0.69072
Trial Time:          0.69025
Trial Time:          0.68954
Trial Time:          0.69037
Trial Time:          0.69006
Trial Time:          0.69107
Trial Time:          0.69043
Trial Time:          0.69054
Trial Time:          0.69081
Trial Time:          0.69052
Trial Time:          0.69065
Trial Time:          0.68959
Trial Time:          0.69030
Trial Time:          0.69096
Trial Time:          0.69005
Trial Time:          0.69061
Trial Time:          0.69025
Trial Time:          0.69076
Trial Time:          0.69066
Trial Time:          0.69041
Trial Time:          0.69023
Trial Time:          0.69039
Trial Time:          0.69013
Trial Time:          0.69023
Trial Time:          0.69061
Trial Time:          0.69050
Trial Time:          0.69019
Trial Time:          0.68963
Trial Time:          0.69045
Trial Time:          0.69084
Trial Time:          0.69074
Trial Time:          0.69040
Trial Time:          0.69096
Trial Time:          0.68958
Trial Time:          0.68972
Trial Time:          0.69153
Trial Time:          0.68978
Trial Time:          0.68960
Trial Time:          0.69117
Trial Time:          0.69069
Trial Time:          0.69067
Trial Time:          0.69041
Trial Time:          0.69048
Trial Time:          0.69012
Trial Time:          0.69005
Trial Time:          0.69069
Trial Time:          0.69039
Trial Time:          0.69026
Trial Time:          0.68998
Trial Time:          0.69066
Trial Time:          0.69072
Trial Time:          0.69055
Trial Time:          0.69048
Trial Time:          0.68998
Trial Time:          0.69040
Trial Time:          0.69021
Trial Time:          0.69056
Trial Time:          0.69049
Trial Time:          0.68994
Trial Time:          0.69014
Trial Time:          0.69049
Trial Time:          0.69039
Trial Time:          0.69037
Trial Time:          0.68997
Trial Time:          0.69024
Trial Time:          0.69045
Trial Time:          0.69057
Trial Time:          0.69078
Trial Time:          0.69033
Trial Time:          0.69016
Trial Time:          0.69049
Trial Time:          0.68948
Trial Time:          0.69008
Trial Time:          0.69008
Trial Time:          0.69051
Trial Time:          0.69018
Trial Time:          0.69092
Trial Time:          0.68990
Trial Time:          0.69069
Trial Time:          0.69084
Trial Time:          0.68992
Trial Time:          0.68943
Trial Time:          0.69037
Trial Time:          0.69083
Trial Time:          0.69130
Trial Time:          0.69002
Trial Time:          0.69035
Trial Time:          0.68858
Trial Time:          0.68996
Trial Time:          0.69036
Trial Time:          0.69085
Trial Time:          0.69027
Trial Time:          0.68944
Trial Time:          0.68989
Trial Time:          0.69035
Trial Time:          0.69155
Trial Time:          0.69073
Trial Time:          0.69152
Trial Time:          0.68975
Trial Time:          0.69012
Trial Time:          0.69088
Trial Time:          0.68974
Trial Time:          0.69023
Trial Time:          0.69038
Trial Time:          0.69064
Trial Time:          0.69088
Trial Time:          0.69089
Trial Time:          0.68969
Trial Time:          0.69020
Trial Time:          0.69106
Trial Time:          0.68961
Trial Time:          0.69048
Trial Time:          0.69090
Trial Time:          0.69025
Trial Time:          0.69045
Trial Time:          0.69107
Trial Time:          0.69119
Trial Time:          0.69064
Trial Time:          0.69066
Trial Time:          0.69037
Trial Time:          0.69070
Trial Time:          0.69065
Trial Time:          0.69057
Trial Time:          0.68967
Trial Time:          0.69025
Trial Time:          0.69094
Trial Time:          0.69118
Trial Time:          0.69052
Trial Time:          0.69062
Trial Time:          0.69025
Trial Time:          0.69028
Trial Time:          0.69005
Trial Time:          0.69133
Trial Time:          0.69097
Trial Time:          0.69038
Trial Time:          0.69107
Trial Time:          0.68940
Trial Time:          0.68966
Trial Time:          0.69099
Trial Time:          0.68976
Trial Time:          0.69084
Trial Time:          0.69083
Trial Time:          0.69024
Trial Time:          0.69098
Trial Time:          0.68958
Trial Time:          0.69028
Trial Time:          0.69011
Trial Time:          0.69061
Trial Time:          0.69027
Trial Time:          0.69021
Trial Time:          0.69015
Trial Time:          0.68960
Trial Time:          0.69068
Trial Time:          0.69032
Trial Time:          0.69032
Trial Time:          0.69097
Trial Time:          0.69010
Trial Time:          0.69044
Trial Time:          0.68982
Trial Time:          0.68961
Trial Time:          0.69074
Trial Time:          0.69073
Trial Time:          0.69039
Trial Time:          0.69035
Trial Time:          0.69041
Trial Time:          0.69028
Trial Time:          0.69035
Trial Time:          0.69037
Trial Time:          0.68980
Trial Time:          0.69006
Trial Time:          0.69067
Trial Time:          0.68995
Trial Time:          0.68940
Trial Time:          0.69006
Trial Time:          0.69015
Trial Time:          0.69021
Trial Time:          0.69035
Trial Time:          0.69145
Trial Time:          0.69035
Trial Time:          0.69068
Trial Time:          0.69116
Trial Time:          0.69027
Trial Time:          0.69152
Trial Time:          0.69020
Trial Time:          0.69024
Trial Time:          0.69017
Trial Time:          0.69045
Trial Time:          0.69159
Trial Time:          0.68943
Trial Time:          0.69027
Trial Time:          0.69038
Trial Time:          0.69063
Trial Time:          0.68998
Trial Time:          0.69033
Trial Time:          0.69088
Trial Time:          0.69118
Trial Time:          0.69044
Trial Time:          0.68956
Trial Time:          0.69063
Trial Time:          0.69032
Trial Time:          0.69085
Trial Time:          0.68985
Trial Time:          0.69065
Trial Time:          0.69018
Trial Time:          0.69100
Trial Time:          0.69164
Trial Time:          0.69094
Trial Time:          0.69024
Trial Time:          0.69123
Trial Time:          0.69035
Trial Time:          0.68995
Trial Time:          0.69060
Trial Time:          0.69079
Trial Time:          0.68975
Trial Time:          0.69026
Trial Time:          0.68981
Trial Time:          0.69039
Trial Time:          0.68986
Trial Time:          0.69014
Trial Time:          0.69104
Trial Time:          0.69045
Trial Time:          0.68972
Trial Time:          