Generate Time:       5.53635
Build Time:          4.31974
Graph has 4194302 nodes and 64155725 undirected edges for degree: 15
Trial Time:          0.68862
Trial Time:          0.68566
Trial Time:          0.68551
Trial Time:          0.68609
Trial Time:          0.68627
Trial Time:          0.68643
Trial Time:          0.68611
Trial Time:          0.68677
Trial Time:          0.68650
Trial Time:          0.68576
Trial Time:          0.68661
Trial Time:          0.68636
Trial Time:          0.68607
Trial Time:          0.68652
Trial Time:          0.68657
Trial Time:          0.68688
Trial Time:          0.68563
Trial Time:          0.68639
Trial Time:          0.68591
Trial Time:          0.68605
Trial Time:          0.68579
Trial Time:          0.68571
Trial Time:          0.68686
Trial Time:          0.68605
Trial Time:          0.68617
Trial Time:          0.68657
Trial Time:          0.68619
Trial Time:          0.68570
Trial Time:          0.68670
Trial Time:          0.68639
Trial Time:          0.68610
Trial Time:          0.68631
Trial Time:          0.68590
Trial Time:          0.68611
Trial Time:          0.68607
Trial Time:          0.68598
Trial Time:          0.68571
Trial Time:          0.68705
Trial Time:          0.68612
Trial Time:          0.68637
Trial Time:          0.68691
Trial Time:          0.68672
Trial Time:          0.68672
Trial Time:          0.68668
Trial Time:          0.68571
Trial Time:          0.68607
Trial Time:          0.68683
Trial Time:          0.68593
Trial Time:          0.68583
Trial Time:          0.68652
Trial Time:          0.68624
Trial Time:          0.68730
Trial Time:          0.68763
Trial Time:          0.68598
Trial Time:          0.68700
Trial Time:          0.68589
Trial Time:          0.68614
Trial Time:          0.68684
Trial Time:          0.68708
Trial Time:          0.68636
Trial Time:          0.68598
Trial Time:          0.68712
Trial Time:          0.68651
Trial Time:          0.68655
Trial Time:          0.68674
Trial Time:          0.68699
Trial Time:          0.68695
Trial Time:          0.68683
Trial Time:          0.68709
Trial Time:          0.68661
Trial Time:          0.68640
Trial Time:          0.68594
Trial Time:          0.68681
Trial Time:          0.68628
Trial Time:          0.68610
Trial Time:          0.68655
Trial Time:          0.68664
Trial Time:          0.68746
Trial Time:          0.68631
Trial Time:          0.68602
Trial Time:          0.68672
Trial Time:          0.68679
Trial Time:          0.68653
Trial Time:          0.68615
Trial Time:          0.68664
Trial Time:          0.68622
Trial Time:          0.68669
Trial Time:          0.68637
Trial Time:          0.68699
Trial Time:          0.68719
Trial Time:          0.68625
Trial Time:          0.68672
Trial Time:          0.68639
Trial Time:          0.68669
Trial Time:          0.68631
Trial Time:          0.68643
Trial Time:          0.68612
Trial Time:          0.68645
Trial Time:          0.68619
Trial Time:          0.68617
Trial Time:          0.68672
Trial Time:          0.68637
Trial Time:          0.68770
Trial Time:          0.68655
Trial Time:          0.68648
Trial Time:          0.68658
Trial Time:          0.68554
Trial Time:          0.68608
Trial Time:          0.68620
Trial Time:          0.68607
Trial Time:          0.68607
Trial Time:          0.68632
Trial Time:          0.68664
Trial Time:          0.68664
Trial Time:          0.68610
Trial Time:          0.68638
Trial Time:          0.68661
Trial Time:          0.68602
Trial Time:          0.68680
Trial Time:          0.68650
Trial Time:          0.68595
Trial Time:          0.68636
Trial Time:          0.68690
Trial Time:          0.68651
Trial Time:          0.68692
Trial Time:          0.68653
Trial Time:          0.68701
Trial Time:          0.68700
Trial Time:          0.68680
Trial Time:          0.68726
Trial Time:          0.68687
Trial Time:          0.68705
Trial Time:          0.68675
Trial Time:          0.68778
Trial Time:          0.68645
Trial Time:          0.68596
Trial Time:          0.68597
Trial Time:          0.68668
Trial Time:          0.68632
Trial Time:          0.68708
Trial Time:          0.68668
Trial Time:          0.68701
Trial Time:          0.68687
Trial Time:          0.68664
Trial Time:          0.68614
Trial Time:          0.68668
Trial Time:          0.68655
Trial Time:          0.68633
Trial Time:          0.68627
Trial Time:          0.68600
Trial Time:          0.68677
Trial Time:          0.68621
Trial Time:          0.68613
Trial Time:          0.68690
Trial Time:          0.68684
Trial Time:          0.68683
Trial Time:          0.68607
Trial Time:          0.68606
Trial Time:          0.68684
Trial Time:          0.68600
Trial Time:          0.68577
Trial Time:          0.68628
Trial Time:          0.68637
Trial Time:          0.68611
Trial Time:          0.68650
Trial Time:          0.68604
Trial Time:          0.68704
Trial Time:          0.68659
Trial Time:          0.68640
Trial Time:          0.68659
Trial Time:          0.68643
Trial Time:          0.68630
Trial Time:          0.68630
Trial Time:          0.68610
Trial Time:          0.68679
Trial Time:          0.68661
Trial Time:          0.68657
Trial Time:          0.68618
Trial Time:          0.68580
Trial Time:          0.68590
Trial Time:          0.68614
Trial Time:          0.68630
Trial Time:          0.68717
Trial Time:          0.68599
Trial Time:          0.68643
Trial Time:          0.68638
Trial Time:          0.68601
Trial Time:          0.68649
Trial Time:          0.68625
Trial Time:          0.68695
Trial Time:          0.68669
Trial Time:          0.68560
Trial Time:          0.68673
Trial Time:          0.68639
Trial Time:          0.68700
Trial Time:          0.68652
Trial Time:          0.68636
Trial Time:          0.68623
Trial Time:          0.68706
Trial Time:          0.68679
Trial Time:          0.68655
Trial Time:          0.68666
Trial Time:          0.68699
Trial Time:          0.68645
Trial Time:          0.68628
Trial Time:          0.68547
Trial Time:          0.68686
Trial Time:          0.68633
Trial Time:          0.68581
Trial Time:          0.68616
Trial Time:          0.68667
Trial Time:          0.68638
Trial Time:          0.68741
Trial Time:          0.68722
Trial Time:          0.68674
Trial Time:          0.68691
Trial Time:          0.68648
Trial Time:          0.68680
Trial Time:          0.68597
Trial Time:          0.68769
Trial Time:          0.68701
Trial Time:          0.68666
Trial Time:          0.68639
Trial Time:          0.68616
Trial Time:          0.68617
Trial Time:          0.68687
Trial Time:          0.68654
Trial Time:          0.68608
Trial Time:          0.68623
Trial Time:          0.68574
Trial Time:          0.68625
Trial Time:          0.68623
Trial Time:          0.68633
Trial Time:          0.68672
Trial Time:          0.68604
Trial Time:          0.68644
Trial Time:          0.68607
Trial Time:          0.68622
Trial Time:          0.68716
Trial Time:          0.68658
Trial Time:          0.68597
Trial Time:          0.68708
Trial Time:          0.68656
Trial Time:          0.68654
Trial Time:          0.68595
Trial Time:          0.68637
Trial Time:          0.68585
Trial Time:          0.68675
Trial Time:          0.68605
Trial Time:          0.68612
Trial Time:          0.68623
Trial Time:          0.68592
Trial Time:          0.68637
Trial Time:          0.68591
Trial Time:          0.68645
Trial Time:          0.68698
Trial Time:          0.68678
Trial Time:          0.68627
Trial Time:          0.68646
Trial Time:          0.68653
Trial Time:          0.68708
Trial Time:          0.68745
Trial Time:          0.68622
Trial Time:          0.68632
Trial Time:          0.68715
Trial Time:          0.68693
Trial Time:          0.68651
Trial Time:          0.68640
Trial Time:          0.68648
Trial Time:          0.68647
Trial Time:          0.68702
Trial Time:          0.68614
Trial Time:          0.68632
Trial Time:          0.68584
Trial Time:          0.68696
Trial Time:          0.68672
Trial Time:          0.68686
Trial Time:          0.68635
Trial Time:          0.68641
Trial Time:          0.68635
Trial Time:          0.68611
Trial Time:          0.68612
Trial Time:          0.68616
Trial Time:          0.68662
Trial Time:          0.68682
Trial Time:          0.68642
Trial Time:          0.68636
Trial Time:          0.68753
Trial Time:          0.68698
Trial Time:          0.68610
Trial Time:          0.68614
Trial Time:          0.68705
Trial Time:          0.68589
Trial Time:          0.68665
Trial Time:          0.68673
Trial Time:          0.68653
Trial Time:          0.68673
Trial Time:          0.68636
Trial Time:          0.68635
Trial Time:          0.68635
Trial Time:          0.68704
Trial Time:          0.68693
Trial Time:          0.68672
Trial Time:          0.68660
Trial Time:          0.68613
Trial Time:          0.68580
Trial Time:          0.68635
Trial Time:          0.68696
Trial Time:          0.68720
Trial Time:          0.68654
Trial Time:          0.68771
Trial Time:          0.68603
Trial Time:          0.68686
Trial Time:          0.68723
Trial Time:          0.68646
Trial Time:          0.68626
Trial Time:          0.68649
Trial Time:          0.68648
Trial Time:          0.68660
Trial Time:          0.68608
Trial Time:          0.68646
Trial Time:          0.68689
Trial Time:          0.68694
Trial Time:          0.68634
Trial Time:          0.68662
Trial Time:          0.68652
Trial Time:          0.68654
Trial Time:          0.68697
Trial Time:          0.68633
Trial Time:          0.68646
Trial Time:          0.68644
Trial Time:          0.68635
Trial Time:          0.68619
Trial Time:          0.68641
Trial Time:          0.68645
Trial Time:          0.68662
Trial Time:          0.68682
Trial Time:          0.68628
Trial Time:          0.68678
Trial Time:          0.68662
Trial Time:          0.68693
Trial Time:          0.68603
Trial Time:          0.68657
Trial Time:          0.68636
Trial Time:          0.68731
Trial Time:          0.68636
Trial Time:          0.68580
Trial Time:          0.68699
Trial Time:          0.68661
Trial Time:          0.68742
Trial Time:          0.68704
Trial Time:          0.68651
Trial Time:          0.68705
Trial Time:          0.68717
Trial Time:          0.68696
Trial Time:          0.68723
Trial Time:          0.68640
Trial Time:          0.68567
Trial Time:          0.68637
Trial Time:          0.68684
Trial Time:          0.68628
Trial Time:          0.68584
Trial Time:          0.68638
Trial Time:          0.68696
Trial Time:          0.68651
Trial Time:          0.68656
Trial Time:          0.68616
Trial Time:          0.68732
Trial Time:          0.68708
Trial Time:          0.68662
Trial Time:          0.68744
Trial Time:          0.68666
Trial Time:          0.68694
Trial Time:          0.68640
Trial Time:          0.68685
Trial Time:          0.68628
Trial Time:          0.68618
Trial Time:          0.68723
Trial Time:          0.68649
Trial Time:          0.68631
Trial Time:          0.68653
Trial Time:          0.68601
Trial Time:          0.68633
Trial Time:          0.68585
Trial Time:          0.68725
Trial Time:          0.68592
Trial Time:          0.68648
Trial Time:          0.68697
Trial Time:          0.68658
Trial Time:          0.68688
Trial Time:          0.68703
Trial Time:          0.68756
Trial Time:          0.68678
Trial Time:          0.68658
Trial Time:          0.68710
Trial Time:          0.68691
Trial Time:          0.68657
Trial Time:          0.68636
Trial Time:          0.68673
Trial Time:          0.68673
Trial Time:          0.68693
Trial Time:          0.68674
Trial Time:          0.68695
Trial Time:          0.68675
Trial Time:          0.68619
Trial Time:          0.68627
Trial Time:          0.68688
Trial Time:          0.68679
Trial Time:          0.68638
Trial Time:          0.68676
Trial Time:          0.68601
Trial Time:          0.68651
Trial Time:          0.68692
Trial Time:          0.68679
Trial Time:          0.68607
Trial Time:          0.68651
Trial Time:          0.68686
Trial Time:          0.68753
Trial Time:          0.68629
Trial Time:          0.68558
Trial Time:          0.68611
Trial Time:          0.68690
Trial Time:          0.68633
Trial Time:          0.68720
Trial Time:          0.68686
Trial Time:          0.68687
Trial Time:          0.68604
Trial Time:          0.68706
Trial Time:          0.68650
Trial Time:          0.68599
Trial Time:          0.68737
Trial Time:          0.68617
Trial Time:          0.68678
Trial Time:          0.68614
Trial Time:          0.68692
Trial Time:          0.68615
Trial Time:          0.68597
Trial Time:          0.68695
Trial Time:          0.68554
Trial Time:          0.68633
Trial Time:          0.68719
Trial Time:          0.68657
Trial Time:          0.68620
Trial Time:          0.68666
Trial Time:          0.68624
Trial Time:          0.68609
Trial Time:          0.68627
Trial Time:          0.68622
Trial Time:          0.68651
Trial Time:          0.68657
Trial Time:          0.68610
Trial Time:          0.68639
Trial Time:          0.68731
Trial Time:          0.68684
Trial Time:          0.68688
Trial Time:          0.68726
Trial Time:          0.68713
Trial Time:          0.68618
Trial Time:          0.68602
Trial Time:          0.68647
Trial Time:          0.68629
Trial Time:          0.68657
Trial Time:          0.68691
Trial Time:          0.68614
Trial Time:          0.68614
Trial Time:          0.68684
Trial Time:          0.68633
Trial Time:          0.68632
Trial Time:          0.68661
Trial Time:          0.68649
Trial Time:          0.68652
Trial Time:          0.68689
Trial Time:          0.68668
Trial Time:          0.68622
Trial Time:          0.68718
Trial Time:          0.68600
Trial Time:          0.68736
Trial Time:          0.68670
Trial Time:          0.68724
Trial Time:          0.68654
Trial Time:          0.68682
Trial Time:          0.68589
Trial Time:          0.68656
Trial Time:          0.68659
Trial Time:          0.68730
Trial Time:          0.68741
Trial Time:          0.68663
Trial Time:          0.68715
Trial Time:          0.68758
Trial Time:          0.68681
Trial Time:          0.68568
Trial Time:          0.68640
Trial Time:          0.68701
Trial Time:          0.68708
Trial Time:          0.68672
Trial Time:          0.68683
Trial Time:          0.68662
Trial Time:          0.68661
Trial Time:          0.68568
Trial Time:          0.68644
Trial Time:          0.68657
Trial Time:          0.68635
Trial Time:          0.68652
Trial Time:          0.68637
Trial Time:          0.68729
Trial Time:          0.68697
Trial Time:          0.68660
Trial Time:          0.68715
Trial Time:          0.68675
Trial Time:          0.68701
Trial Time:          0.68619
Trial Time:          0.68595
Trial Time:          0.68638
Trial Time:          0.68663
Trial Time:          0.68643
Trial Time:          0.68636
Trial Time:          0.68586
Trial Time:          0.68683
Trial Time:          0.68694
Trial Time:          0.68704
Trial Time:          0.68728
Trial Time:          0.68628
Trial Time:          0.68692
Trial Time:          0.68667
Trial Time:          0.68705
Trial Time:          0.68644
Trial Time:          0.68726
Trial Time:          0.68648
Trial Time:          0.68706
Trial Time:          0.68711
Trial Time:          0.68712
Trial Time:          0.68708
Trial Time:          0.68628
Trial Time:          0.68622
Trial Time:          0.68692
Trial Time:          0.68636
Trial Time:          0.68639
Trial Time:          0.68586
Trial Time:          0.68658
Trial Time:          0.68648
Trial Time:          0.68771
Trial Time:          0.68672
Trial Time:          0.68669
Trial Time:          0.68721
Trial Time:          0.68680
Trial Time:          0.68705
Trial Time:          0.68612
Trial Time:          0.68652
Trial Time:          0.68625
Trial Time:          0.68620
Trial Time:          0.68668
Trial Time:          0.68651
Trial Time:          0.68715
Trial Time:          0.68734
Trial Time:          0.68688
Trial Time:          0.68628
Trial Time:          0.68674
Trial Time:          0.68678
Trial Time:          0.68683
Trial Time:          0.68715
Trial Time:          0.68635
Trial Time:          0.68632
Trial Time:          0.68625
Trial Time:          0.68649
Trial Time:          0.68635
Trial Time:          0.68733
Trial Time:          0.68656
Trial Time:          0.68658
Trial Time:          0.68658
Trial Time:          0.68583
Trial Time:          0.68639
Trial Time:          0.68562
Trial Time:          0.68701
Trial Time:          0.68633
Trial Time:          0.68641
Trial Time:          0.68648
Trial Time:          0.68695
Trial Time:          0.68627
Trial Time:          0.68649
Trial Time:          0.68632
Trial Time:          0.68649
Trial Time:          0.68676
Trial Time:          0.68603
Trial Time:          0.68671
Trial Time:          0.68653
Trial Time:          0.68685
Trial Time:          0.68659
Trial Time:          0.68676
Trial Time:          0.68639
Trial Time:          0.68643
Trial Time:          0.68740
Trial Time:          0.68758
Trial Time:          0.68671
Trial Time:          0.68621
Trial Time:          0.68691
Trial Time:          0.68574
Trial Time:          0.68613
Trial Time:          0.68660
Trial Time:          0.68662
Trial Time:          0.68623
Trial Time:          0.68661
Trial Time:          0.68638
Trial Time:          0.68638
Trial Time:          0.68669
Trial Time:          0.68666
Trial Time:          0.68621
Trial Time:          0.68680
Trial Time:          0.68711
Trial Time:          0.68661
Trial Time:          0.68712
Trial Time:          0.68680
Trial Time:          0.68641
Trial Time:          0.68755
Trial Time:          0.68627
Trial Time:          0.68745
Trial Time:          0.68614
Trial Time:          0.68660
Trial Time:          0.68640
Trial Time:          0.68636
Trial Time:          0.68673
Trial Time:          0.68664
Trial Time:          0.68725
Trial Time:          0.68687
Trial Time:          0.68641
Trial Time:          0.68671
Trial Time:          0.68683
Trial Time:          0.68671
Trial Time:          0.68670
Trial Time:          0.68678
Trial Time:          0.68613
Trial Time:          0.68676
Trial Time:          0.68770
Trial Time:          0.68690
Trial Time:          0.68593
Trial Time:          0.68696
Trial Time:          0.68698
Trial Time:          0.68655
Trial Time:          0.68680
Trial Time:          0.68672
Trial Time:          0.68672
Trial Time:          0.68625
Trial Time:          0.68624
Trial Time:          0.68626
Trial Time:          0.68579
Trial Time:          0.68548
Trial Time:          0.68666
Trial Time:          0.68653
Trial Time:          0.68664
Trial Time:          0.68645
Trial Time:          0.68760
Trial Time:          0.68611
Trial Time:          0.68672
Trial Time:          0.68672
Trial Time:          0.68613
Trial Time:          0.68745
Trial Time:          0.68576
Trial Time:          0.68683
Trial Time:          0.68621
Trial Time:          0.68647
Trial Time:          0.68680
Trial Time:          0.69300
Trial Time:          0.69405
Trial Time:          0.69461
Trial Time:          0.69449
Trial Time:          0.69346
Trial Time:          0.69380
Trial Time:          0.69334
Trial Time:          0.69382
Trial Time:          0.69471
Trial Time:          0.69370
Trial Time:          0.69345
Trial Time:          0.69349
Trial Time:          0.69450
Trial Time:          0.69382
Trial Time:          0.69373
Trial Time:          0.69388
Trial Time:          0.69389
Trial Time:          0.69398
Trial Time:          0.69343
Trial Time:          0.69446
Trial Time:          0.69463
Trial Time:          0.69372
Trial Time:          0.69306
Trial Time:          0.69472
Trial Time:          0.69318
Trial Time:          0.69417
Trial Time:          0.69327
Trial Time:          0.69312
Trial Time:          0.69365
Trial Time:          0.69363
Trial Time:          0.69315
Trial Time:          0.69317
Trial Time:          0.69394
Trial Time:          0.69394
Trial Time:          0.69376
Trial Time:          0.69284
Trial Time:          0.69316
Trial Time:          0.69361
Trial Time:          0.69296
Trial Time:          0.69414
Trial Time:          0.69329
Trial Time:          0.69362
Trial Time:          0.69330
Trial Time:          0.69364
Trial Time:          0.69316
Trial Time:          0.69344
Trial Time:          0.69448
Trial Time:          0.69389
Trial Time:          0.69396
Trial Time:          0.69366
Trial Time:          0.69356
Trial Time:          0.69376
Trial Time:          0.69417
Trial Time:          0.69360
Trial Time:          0.69385
Trial Time:          0.69355
Trial Time:          0.69365
Trial Time:          0.69345
Trial Time:          0.69441
Trial Time:          0.69361
Trial Time:          0.69361
Trial Time:          0.69380
Trial Time:          0.69423
Trial Time:          0.69419
Trial Time:          0.69424
Trial Time:          0.69351
Trial Time:          0.69400
Trial Time:          0.69428
Trial Time:          0.69394
Trial Time:          0.69458
Trial Time:          0.69326
Trial Time:          0.69351
Trial Time:          0.69398
Trial Time:          0.69417
Trial Time:          0.69324
Trial Time:          0.69321
Trial Time:          0.69335
Trial Time:          0.69425
Trial Time:          0.69373
Trial Time:          0.69388
Trial Time:          0.69381
Trial Time:          0.69327
Trial Time:          0.69306
Trial Time:          0.69349
Trial Time:          0.69399
Trial Time:          0.69394
Trial Time:          0.69407
Trial Time:          0.69370
Trial Time:          0.68814
Trial Time:          0.69773
Trial Time:          0.72164
Trial Time:          0.72281
Trial Time:          0.72089
Trial Time:          0.72109
Trial Time:          0.72089
Trial Time:          0.72154
Trial Time:          0.72042
Trial Time:          0.72241
Trial Time:          0.72299
Trial Time:          0.72312
Trial Time:          0.72358
Trial Time:          0.72126
Trial Time:          0.72317
Trial Time:          0.72453
Trial Time:          0.72399
Trial Time:          0.72414
Trial Time:          0.72356
Trial Time:          0.72296
Trial Time:          0.72539
Trial Time:          0.72334
Trial Time:          0.72565
Trial Time:          0.72576
Trial Time:          0.72590
Trial Time:          0.72570
Trial Time:          0.72384
Trial Time:          0.72249
Trial Time:          0.72101
Trial Time:          0.72323
Trial Time:          0.72156
Trial Time:          0.72080
Trial Time:          0.72359
Trial Time:          0.72297
Trial Time:          0.72318
Trial Time:          0.72264
Trial Time:          0.72067
Trial Time:          0.72495
Trial Time:          0.72419
Trial Time:          0.72490
Trial Time:          0.72448
Trial Time:          0.72396
Trial Time:          0.72075
Trial Time:          0.72204
Trial Time:          0.72121
Trial Time:          0.72097
Trial Time:          0.72529
Trial Time:          0.72212
Trial Time:          0.72219
Trial Time:          0.72105
Trial Time:          0.72130
Trial Time:          0.71915
Trial Time:          0.71873
Trial Time:          0.71990
Trial Time:          0.71964
Trial Time:          0.72111
Trial Time:          0.72135
Trial Time:          0.72430
Trial Time:          0.72200
Trial Time:          0.72203
Trial Time:          0.72111
Trial Time:          0.71868
Trial Time:          0.71977
Trial Time:          0.72160
Trial Time:          0.72152
Trial Time:          0.72300
Trial Time:          0.72103
Trial Time:          0.71906
Trial Time:          0.71946
Trial Time:          0.72107
Trial Time:          0.72195
Trial Time:          0.72056
Trial Time:          0.72329
Trial Time:          0.72219
Trial Time:          0.72252
Trial Time:          0.72072
Trial Time:          0.71878
Trial Time:          0.72041
Trial Time:          0.72017
Trial Time:          0.72155
Trial Time:          0.72054
Trial Time:          0.72430
Trial Time:          0.72202
Trial Time:          0.72233
Trial Time:          0.72061
Trial Time:          0.71859
Trial Time:          0.72297
Trial Time:          0.72247
Trial Time:          0.72237
Trial Time:          0.72369
Trial Time:          0.72175
Trial Time:          0.72122
Trial Time:          0.72270
Trial Time:          0.72235
Trial Time:          0.72174
Trial Time:          0.72444
Trial Time:          0.72320
Trial Time:          0.72392
Trial Time:          0.72294
Trial Time:          0.71951
Trial Time:          0.72102
Trial Time:          0.72409
Trial Time:          0.72342
Trial Time:          0.72115
Trial Time:          0.71951
Trial Time:          0.72177
Trial Time:          0.72066
Trial Time:          0.72285
Trial Time:          0.72227
Trial Time:          0.72252
Trial Time:          0.72314
Trial Time:          0.72255
Trial Time:          0.72158
Trial Time:          0.71967
Trial Time:          0.72133
Trial Time:          0.72222
Trial Time:          0.72214
Trial Time:          0.72201
Trial Time:          0.72355
Trial Time:          0.72488
Trial Time:          0.72350
Trial Time:          0.72321
Trial Time:          0.72173
Trial Time:          0.72058
Trial Time:          0.72085
Trial Time:          0.72193
Trial Time:          0.72223
Trial Time:          0.72223
Trial Time:          0.72321
Trial Time:          0.72300
Trial Time:          0.71953
Trial Time:          0.71931
Trial Time:          0.72100
Trial Time:          0.72275
Trial Time:          0.72103
Trial Time:          0.71437
Trial Time:          0.71489
Trial Time:          0.72253
Trial Time:          0.73056
Trial Time:          0.73039
Trial Time:          0.72961
Trial Time:          0.72992
Trial Time:          0.73027
Trial Time:          0.72897
Trial Time:          0.72942
Trial Time:          0.73052
Trial Time:          0.73022
Trial Time:          0.73161
Trial Time:          0.73103
Trial Time:          0.73150
Trial Time:          0.73076
Trial Time:          0.73102
Trial Time:          0.73212
Trial Time:          0.73145
Trial Time:          0.73086
Trial Time:          0.73162
Trial Time:          0.73129
Trial Time:          0.73004
Trial Time:          0.73788
Trial Time:          0.73839
Trial Time:          0.73928
Trial Time:          0.73826
Trial Time:          0.73852
Trial Time:          0.73938
Trial Time:          0.73776
Trial Time:          0.73799
Trial Time:          0.73687
Trial Time:          0.73666
Trial Time:          0.73778
Trial Time:          0.73661
Trial Time:          0.73860
Trial Time:          0.73842
Trial Time:          0.73899
Trial Time:          0.73717
Trial Time:          0.73922
Trial Time:          0.73884
Trial Time:          0.73863
Trial Time:          0.73899
Trial Time:          0.73708
Trial Time:          0.73777
Trial Time:          0.73594
Trial Time:          0.73660
Trial Time:          0.73744
Trial Time:          0.73790
Trial Time:          0.73783
Trial Time:          0.73780
Trial Time:          0.73823
Trial Time:          0.73739
Trial Time:          0.73716
Trial Time:          0.73721
Trial Time:          0.73737
Trial Time:          0.73703
Trial Time:          0.73858
Trial Time:          0.73872
Trial Time:          0.73803
Trial Time:          0.73812
Trial Time:          0.73830
Trial Time:          0.73789
Trial Time:          0.73934
Trial Time:          0.73808
Trial Time:          0.73910
Trial Time:          0.73873
Trial Time:          0.73894
Trial Time:          0.73687
Trial Time:          0.73722
Trial Time:          0.73681
Trial Time:          0.73800
Trial Time:          0.73965
Trial Time:          0.73930
Trial Time:          0.73952
Trial Time:          0.73782
Trial Time:          0.73659
Trial Time:          0.73719
Trial Time:          0.73844
Trial Time:          0.73770
Trial Time:          0.73773
Trial Time:          0.73792
Trial Time:          0.73742
Trial Time:          0.73820
Trial Time:          0.73794
Trial Time:          0.73829
Trial Time:          0.73837
Trial Time:          0.73905
Trial Time:          0.73916
Trial Time:          0.73833
Trial Time:          0.73772
Trial Time:          0.73647
Trial Time:          0.73730
Trial Time:          0.73854
Trial Time:          0.73779
Trial Time:          0.73895
Trial Time:          0.73952
Trial Time:          0.73709
Trial Time:          0.73693
Trial Time:          0.73889
Trial Time:          0.73865
Trial Time:          0.73822
Trial Time:          0.73889
Trial Time:          0.73878
Trial Time:          0.73409
Trial Time:         